Product: MDK-ARM Standard 5.10
Component: ARM Compiler 5.04 update 1 (build 49)
Tool: armlink [5040049]

==============================================================================

Section Cross References

    boot_vectors.o(RESET) refers to boot_vectors.o(STACK) for __initial_sp
    boot_vectors.o(RESET) refers to boot_vectors.o(.text) for Reset_Handler
    boot_vectors.o(RESET) refers to nmi_handler.o(.text) for NMI_Handler
    boot_vectors.o(RESET) refers to rwble.o(.text) for BLE_WAKEUP_LP_Handler
    boot_vectors.o(RESET) refers to periph_setup.o(.text) for SWTIM_Handler
    boot_vectors.o(RESET) refers to wkupct_quadec.o(.text) for WKUP_QUADEC_Handler
    boot_vectors.o(RESET) refers to uart.o(.text) for UART_Handler
    boot_vectors.o(.text) refers to system_armcm0.o(.text) for SystemInit
    boot_vectors.o(.text) refers to entry.o(.ARM.Collect$$$$00000000) for __main
    boot_vectors.o(.text) refers to arch_main.o(.text) for SVC_Handler_c
    arch_main.o(.text) refers to gpio.o(i.GPIO_init) for GPIO_init
    arch_main.o(.text) refers to periph_setup.o(.text) for periph_init
    arch_main.o(.text) refers to nvds.o(.text) for nvds_read_bdaddr_from_otp
    arch_main.o(.text) refers to rf_580.o(.text) for iq_trim_from_otp
    arch_main.o(.text) refers to arch_system.o(.text) for init_pwr_and_clk_ble
    arch_main.o(.text) refers to arch_sleep.o(.text) for app_disable_sleep
    arch_main.o(.text) refers to app.o(.text) for app_init
    arch_main.o(.text) refers to rwip.o(.text) for rwip_sleep
    arch_main.o(.text) refers to arch_main.o(.constdata) for .constdata
    arch_main.o(.text) refers to arch_system.o(retention_mem_area0) for lp_clk_sel
    arch_main.o(.text) refers to arch_main.o(retention_mem_area0) for retention_mem_area0
    arch_main.o(.text) refers to arch_main.o(.ARM.__AT_0x00082A20) for .ARM.__AT_0x00082A20
    arch_main.o(.text) refers to jump_table.o(jump_table_mem_area) for jump_table_base
    arch_main.o(.constdata) refers to arch_main.o(.text) for cmp_abs_time
    arch_main.o(.constdata) refers to atts_task.obj(.text) for l2cc_pdu_recv_ind_handler
    arch_main.o(.constdata) refers to smpc.obj(.text) for smpc_send_pairing_req_ind
    arch_main.o(.constdata) refers to smpc_task.obj(.text) for smpc_pairing_cfm_handler
    jump_table.o(jump_table_mem_area) refers to arch_main.o(.text) for main_func
    jump_table.o(jump_table_mem_area) refers to rf_580.o(.text) for rf_init_func
    jump_table.o(jump_table_mem_area) refers to prf_utils.o(.text) for prf_init_func
    jump_table.o(jump_table_mem_area) refers to arch_system.o(.text) for lld_sleep_us_2_lpcycles_sel_func
    jump_table.o(jump_table_mem_area) refers to jump_table.o(heap_mem_area_not_ret) for rwip_heap_non_ret
    jump_table.o(jump_table_mem_area) refers to jump_table.o(heap_env_area) for rwip_heap_env_ret
    jump_table.o(jump_table_mem_area) refers to jump_table.o(heap_db_area) for rwip_heap_db_ret
    jump_table.o(jump_table_mem_area) refers to jump_table.o(heap_msg_area) for rwip_heap_msg_ret
    jump_table.o(jump_table_mem_area) refers to ke_task.obj(.text) for ke_task_init_func
    jump_table.o(jump_table_mem_area) refers to nvds.o(.text) for custom_nvds_get_func
    jump_table.o(jump_table_mem_area) refers to arch_main.o(.constdata) for LUT_CFG
    arch_sleep.o(.text) refers to arch_sleep.o(retention_mem_area0) for retention_mem_area0
    periph_setup.o(.text) refers to gpio.o(i.GPIO_ConfigurePin) for GPIO_ConfigurePin
    periph_setup.o(.text) refers to pwm.o(i.set_tmr_enable) for set_tmr_enable
    periph_setup.o(.text) refers to pwm.o(i.set_tmr_div) for set_tmr_div
    periph_setup.o(.text) refers to pwm.o(.text) for timer0_init
    periph_setup.o(.text) refers to pwm.o(i.timer0_start) for timer0_start
    periph_setup.o(.text) refers to arch_main.o(.text) for patch_func
    periph_setup.o(.text) refers to app_proxr.o(.text) for app_proxr_port_reinit
    periph_setup.o(.text) refers to app_rughwatch_proj.o(.text) for app_button_enable
    periph_setup.o(.text) refers to uart.o(.text) for Uart_init
    periph_setup.o(.text) refers to app_hrps.o(.text) for app_heart_rate_set_value
    periph_setup.o(.text) refers to gpio.o(.bss) for GPIO
    periph_setup.o(.text) refers to periph_setup.o(.bss) for .bss
    periph_setup.o(.text) refers to app_proxr.o(.bss) for ledb_sw
    arch_system.o(.text) refers to ffltui.o(.text) for __aeabi_ui2f
    arch_system.o(.text) refers to fdiv.o(.text) for __aeabi_fdiv
    arch_system.o(.text) refers to fscalb.o(.text) for __ARM_scalbnf
    arch_system.o(.text) refers to ffixui.o(.text) for __aeabi_f2uiz
    arch_system.o(.text) refers to arch_system.o(retention_mem_area0) for retention_mem_area0
    rf_580.o(.text) refers to jump_table.o(jump_table_mem_area) for jump_table_base
    wkupct_quadec.o(.text) refers to wkupct_quadec.o(retention_mem_area0) for retention_mem_area0
[...]
    llm_le_env_lpus                          0x000803e4   Data           0  rom_symdef.txt ABSOLUTE
    llm_bt_env                               0x0008042a   Data           0  rom_symdef.txt ABSOLUTE
    llm_state                                0x00080432   Data           0  rom_symdef.txt ABSOLUTE
    vcocal_ctrl_reg_val                      0x00080452   Data           0  rom_symdef.txt ABSOLUTE
    last_temp_count                          0x00080478   Data           0  rom_symdef.txt ABSOLUTE
    last_temp_time                           0x0008047c   Data           0  rom_symdef.txt ABSOLUTE
    gtl_env                                  0x00080480   Data           0  rom_symdef.txt ABSOLUTE
    gtl_state                                0x000804a4   Data           0  rom_symdef.txt ABSOLUTE
    attc_state                               0x000804a5   Data           0  rom_symdef.txt ABSOLUTE
    attm_env                                 0x000804ac   Data           0  rom_symdef.txt ABSOLUTE
    attm_state                               0x000804b4   Data           0  rom_symdef.txt ABSOLUTE
    atts_env                                 0x000804b8   Data           0  rom_symdef.txt ABSOLUTE
    atts_state                               0x000804d0   Data           0  rom_symdef.txt ABSOLUTE
    gattc_env                                0x000804d8   Data           0  rom_symdef.txt ABSOLUTE
    gattc_state                              0x000804f0   Data           0  rom_symdef.txt ABSOLUTE
    gattm_env                                0x000804f6   Data           0  rom_symdef.txt ABSOLUTE
    gattm_state                              0x000804fc   Data           0  rom_symdef.txt ABSOLUTE
    l2cc_env                                 0x00080500   Data           0  rom_symdef.txt ABSOLUTE
    l2cc_state                               0x00080518   Data           0  rom_symdef.txt ABSOLUTE
    l2cm_env                                 0x0008051e   Data           0  rom_symdef.txt ABSOLUTE
    l2cm_state                               0x00080524   Data           0  rom_symdef.txt ABSOLUTE
    smpc_env                                 0x00080528   Data           0  rom_symdef.txt ABSOLUTE
    smpc_state                               0x00080540   Data           0  rom_symdef.txt ABSOLUTE
    smpm_env                                 0x00080548   Data           0  rom_symdef.txt ABSOLUTE
    smpm_state                               0x00080550   Data           0  rom_symdef.txt ABSOLUTE
    gapc_env                                 0x00080554   Data           0  rom_symdef.txt ABSOLUTE
    gapc_state                               0x0008056c   Data           0  rom_symdef.txt ABSOLUTE
    gap_cfg_table                            0x00080574   Data           0  rom_symdef.txt ABSOLUTE
    gapm_env                                 0x00080578   Data           0  rom_symdef.txt ABSOLUTE
    gapm_state                               0x000805a4   Data           0  rom_symdef.txt ABSOLUTE
    ke_env                                   0x000805a8   Data           0  rom_symdef.txt ABSOLUTE
    ke_task_env                              0x00080604   Data           0  rom_symdef.txt ABSOLUTE
    nvds_data_ptr                            0x000806c0   Data           0  rom_symdef.txt ABSOLUTE
    func_check_mem_flag                      0x000806c4   Data           0  rom_symdef.txt ABSOLUTE
    ke_mem_heaps_used                        0x000806c5   Data           0  rom_symdef.txt ABSOLUTE
    rwip_env                                 0x000806c6   Data           0  rom_symdef.txt ABSOLUTE
    ble_reg_save                             0x000806cc   Data           0  rom_symdef.txt ABSOLUTE
    rwip_rf                                  0x0008071c   Data           0  rom_symdef.txt ABSOLUTE
    rwip_heap_db_ret                         0x00080768   Data        1036  jump_table.o(heap_db_area)
    rwip_heap_env_ret                        0x00080b74   Data         340  jump_table.o(heap_env_area)
    rwip_heap_msg_ret                        0x00080cc8   Data        1324  jump_table.o(heap_msg_area)
    descript                                 0x00082a20   Data        1502  arch_main.o(.ARM.__AT_0x00082A20)
    __Vectors                                0x20000000   Data           4  boot_vectors.o(RESET)
    __Vectors_End                            0x200000a0   Data           0  boot_vectors.o(RESET)
    jump_table_base                          0x20000160   Data         352  jump_table.o(jump_table_mem_area)
    gap_timeout_table                        0x200002c0   Data         100  gapm.o(timeout_table_area)
    nvds_data_storage                        0x20000340   Data         164  nvds.o(nvds_data_storage_area)
    __main                                   0x20000441   Thumb Code     0  entry.o(.ARM.Collect$$$$00000000)
    _main_stk                                0x20000441   Thumb Code     0  entry2.o(.ARM.Collect$$$$00000001)
    _main_scatterload                        0x20000445   Thumb Code     0  entry5.o(.ARM.Collect$$$$00000004)
    __main_after_scatterload                 0x20000449   Thumb Code     0  entry5.o(.ARM.Collect$$$$00000004)
    _main_clock                              0x20000449   Thumb Code     0  entry7b.o(.ARM.Collect$$$$00000008)
    _main_cpp_init                           0x20000449   Thumb Code     0  entry8b.o(.ARM.Collect$$$$0000000A)
    _main_init                               0x20000449   Thumb Code     0  entry9a.o(.ARM.Collect$$$$0000000B)
    __rt_final_cpp                           0x20000451   Thumb Code     0  entry10a.o(.ARM.Collect$$$$0000000D)
    __rt_final_exit                          0x20000451   Thumb Code     0  entry11a.o(.ARM.Collect$$$$0000000F)
    SystemInit                               0x20000455   Thumb Code    56  system_armcm0.o(.text)
    Reset_Handler                            0x20000491   Thumb Code     8  boot_vectors.o(.text)
    HardFault_Handler                        0x2000049b   Thumb Code     2  boot_vectors.o(.text)
    PendSV_Handler                           0x200004b5   Thumb Code     2  boot_vectors.o(.text)
    SysTick_Handler                          0x200004b7   Thumb Code     2  boot_vectors.o(.text)
    SVC_Handler_c                            0x200004df   Thumb Code    22  arch_main.o(.text)
    patch_func                               0x200004f5   Thumb Code    66  arch_main.o(.text)
    lld_sleep_init_func                      0x20000537   Thumb Code    48  arch_main.o(.text)
    main_func                                0x20000567   Thumb Code   632  arch_main.o(.text)
    dummyf                                   0x20000869   Thumb Code     2  jump_table.o(.text)
    app_disable_sleep                        0x2000086d   Thumb Code    26  arch_sleep.o(.text)
    app_set_extended_sleep                   0x20000887   Thumb Code    26  arch_sleep.o(.text)
    app_set_deep_sleep                       0x200008a1   Thumb Code    28  arch_sleep.o(.text)
    app_restore_sleep_mode                   0x200008bd   Thumb Code    68  arch_sleep.o(.text)
    app_force_active_mode                    0x20000901   Thumb Code    30  arch_sleep.o(.text)
    app_ble_ext_wakeup_on                    0x2000091f   Thumb Code     8  arch_sleep.o(.text)
    app_ble_ext_wakeup_off                   0x20000927   Thumb Code     8  arch_sleep.o(.text)
    app_ble_ext_wakeup_get                   0x2000092f   Thumb Code     6  arch_sleep.o(.text)
    NMI_Handler                              0x20000941   Thumb Code    58  nmi_handler.o(.text)
    GPIO_reservations                        0x20000985   Thumb Code   296  periph_setup.o(.text)
    set_pad_functions                        0x20000aad   Thumb Code   140  periph_setup.o(.text)
    Timer0_Setup                             0x20000b39   Thumb Code    46  periph_setup.o(.text)
    Button_Setup                             0x20000b67   Thumb Code    66  periph_setup.o(.text)
    periph_init                              0x20000ba9   Thumb Code    74  periph_setup.o(.text)
    GPIO3_Handler                            0x20000bf3   Thumb Code    58  periph_setup.o(.text)
    GPIO0_Handler                            0x20000c2d   Thumb Code    22  periph_setup.o(.text)
    GPIO4_Handler                            0x20000c43   Thumb Code    22  periph_setup.o(.text)
    GPIO1_Handler                            0x20000c59   Thumb Code    22  periph_setup.o(.text)
    GPIO2_Handler                            0x20000c6f   Thumb Code    22  periph_setup.o(.text)
    SWTIM_Handler                            0x20000c85   Thumb Code   108  periph_setup.o(.text)
    select_lp_clk                            0x20000d39   Thumb Code     8  arch_system.o(.text)
    init_pwr_and_clk_ble                     0x20000d41   Thumb Code   210  arch_system.o(.text)
    set_pxact_gpio                           0x20000e13   Thumb Code    24  arch_system.o(.text)
    calibrate_rcx20                          0x20000e2b   Thumb Code    28  arch_system.o(.text)
    read_rcx_freq                            0x20000e47   Thumb Code    82  arch_system.o(.text)
    conditionally_run_radio_cals             0x20000e99   Thumb Code    82  arch_system.o(.text)
    lld_sleep_us_2_lpcycles_rcx_func         0x20000eeb   Thumb Code    18  arch_system.o(.text)
    lld_sleep_lpcycles_2_us_rcx_func         0x20000efd   Thumb Code    16  arch_system.o(.text)
    lld_sleep_us_2_lpcycles_sel_func         0x20000f0d   Thumb Code    32  arch_system.o(.text)
    lld_sleep_lpcycles_2_us_sel_func         0x20000f2d   Thumb Code    32  arch_system.o(.text)
    iq_trim_from_otp                         0x20000f79   Thumb Code    54  rf_580.o(.text)
    rf_reg_rd                                0x20000faf   Thumb Code     4  rf_580.o(.text)
    rf_reg_wr                                0x20000fb3   Thumb Code     2  rf_580.o(.text)
    rf_reset                                 0x20000fb5   Thumb Code     2  rf_580.o(.text)
    rf_force_agc_enable                      0x20000fb7   Thumb Code     2  rf_580.o(.text)
    rf_txpwr_dbm_get                         0x20000fb9   Thumb Code     4  rf_580.o(.text)
    rf_regs                                  0x20000fcd   Thumb Code   214  rf_580.o(.text)
    rf_init_func                             0x200010a5   Thumb Code   138  rf_580.o(.text)
    rf_reinit_func                           0x2000112f   Thumb Code   164  rf_580.o(.text)
    WKUP_QUADEC_Handler                      0x20001281   Thumb Code    52  wkupct_quadec.o(.text)
    wkupct_enable_irq                        0x200012b5   Thumb Code   104  wkupct_quadec.o(.text)
    wkupct_register_callback                 0x2000131d   Thumb Code     6  wkupct_quadec.o(.text)
    batt_cal_cr2032                          0x20001339   Thumb Code    32  battery.o(.text)
    batt_cal_jplus                           0x20001359   Thumb Code    44  battery.o(.text)
    battery_get_lvl                          0x20001385   Thumb Code    94  battery.o(.text)
    adc_init                                 0x200013f1   Thumb Code    26  adc.o(.text)
    adc_enable_channel                       0x2000140b   Thumb Code    20  adc.o(.text)
    adc_disable                              0x2000141f   Thumb Code     8  adc.o(.text)
    adc_get_sample                           0x20001427   Thumb Code    30  adc.o(.text)
    timer0_init                              0x20001451   Thumb Code    48  pwm.o(.text)
    timer0_set                               0x20001481   Thumb Code    10  pwm.o(.text)
    timer0_enable_irq                        0x2000148b   Thumb Code    10  pwm.o(.text)
    timer0_disable_irq                       0x20001495   Thumb Code    12  pwm.o(.text)
    timer2_init                              0x200014a1   Thumb Code    32  pwm.o(.text)
    Uart_init                                0x200014cd   Thumb Code    66  uart.o(.text)
    uart_receive_byte                        0x2000150f   Thumb Code    14  uart.o(.text)
    uart_send_byte                           0x2000151d   Thumb Code    12  uart.o(.text)
    printf_string                            0x20001529   Thumb Code    20  uart.o(.text)
    printf_byte                              0x2000153d   Thumb Code    46  uart.o(.text)
    print_hword                              0x2000156b   Thumb Code    18  uart.o(.text)
    print_word                               0x2000157d   Thumb Code    34  uart.o(.text)
    UART_Handler                             0x2000159f   Thumb Code    38  uart.o(.text)
    ke_task_init_func                        0x20001693   Thumb Code    20  ke_task.obj(.text)
    l2cc_pdu_recv_ind_handler                0x200016b9   Thumb Code   232  atts_task.obj(.text)
    smpc_send_pairing_req_ind                0x200017a5   Thumb Code   190  smpc.obj(.text)
    smpc_check_pairing_feat                  0x20001863   Thumb Code    38  smpc.obj(.text)
    smpc_pairing_cfm_handler                 0x20001891   Thumb Code   518  smpc_task.obj(.text)
    custom_nvds_get_func                     0x20001a9d   Thumb Code   552  nvds.o(.text)
    nvds_read_bdaddr_from_otp                0x20001cc5   Thumb Code    50  nvds.o(.text)
    rwip_sleep                               0x20001d15   Thumb Code   298  rwip.o(.text)
    BLE_WAKEUP_LP_Handler                    0x20001ea5   Thumb Code   130  rwble.o(.text)
    BLE_SLP_Handler                          0x20001f27   Thumb Code    60  rwble.o(.text)
    BLE_RF_DIAG_Handler                      0x20001f63   Thumb Code    52  rwble.o(.text)
    accel_init                               0x20001fb5   Thumb Code    28  accel.o(.text)
    bass_init                                0x200022a5   Thumb Code    28  bass.o(.text)
    bass_batt_level_upd_cfm_send             0x200022c1   Thumb Code    38  bass.o(.text)
    bass_disable                             0x200022e7   Thumb Code   114  bass.o(.text)
    diss_init                                0x20002679   Thumb Code    28  diss.o(.text)
    diss_compute_cfg_flag                    0x20002695   Thumb Code    38  diss.o(.text)
    diss_check_val_len                       0x200026bb   Thumb Code    42  diss.o(.text)
    diss_disable                             0x200026e5   Thumb Code    42  diss.o(.text)
    hrps_init                                0x20002819   Thumb Code    28  hrps.o(.text)
    hrps_meas_send_cfm_send                  0x20002835   Thumb Code    38  hrps.o(.text)
    hrps_pack_meas_value                     0x2000285b   Thumb Code   108  hrps.o(.text)
    hrps_disable                             0x200028c7   Thumb Code    62  hrps.o(.text)
    proxr_init                               0x20002b2d   Thumb Code    28  proxr.o(.text)
    proxr_alert_start                        0x20002b49   Thumb Code    34  proxr.o(.text)
    proxr_disable                            0x20002b6b   Thumb Code    92  proxr.o(.text)
    prf_pack_char_pres_fmt                   0x20002d81   Thumb Code    30  prf_utils.o(.text)
    prf_server_error_ind_send                0x20002d9f   Thumb Code    44  prf_utils.o(.text)
    prf_server_send_event                    0x20002dcb   Thumb Code    42  prf_utils.o(.text)
    prf_pack_date_time                       0x20002df5   Thumb Code    32  prf_utils.o(.text)
    prf_unpack_date_time                     0x20002e15   Thumb Code    34  prf_utils.o(.text)
    prf_init_func                            0x20002e37   Thumb Code    28  prf_utils.o(.text)
    prf_cleanup_func                         0x20002e53   Thumb Code   120  prf_utils.o(.text)
    sample128_init                           0x20002ed1   Thumb Code    28  sample128.o(.text)
    sample128_send_val                       0x20002eed   Thumb Code    42  sample128.o(.text)
    sample128_disable                        0x20002f17   Thumb Code    64  sample128.o(.text)
    sample128_upd_char2_cfm_send             0x20002f57   Thumb Code    26  sample128.o(.text)
    app_init                                 0x200031d5   Thumb Code    62  app.o(.text)
    app_db_init                              0x20003213   Thumb Code     8  app.o(.text)
    app_disconnect                           0x2000321b   Thumb Code    34  app.o(.text)
    app_connect_confirm                      0x2000323d   Thumb Code    42  app.o(.text)
    app_adv_start                            0x20003267   Thumb Code    36  app.o(.text)
    app_adv_stop                             0x2000328b   Thumb Code    26  app.o(.text)
    app_param_update_start                   0x200032a5   Thumb Code     8  app.o(.text)
    app_timer_set                            0x200032ad   Thumb Code    24  app.o(.text)
    app_sec_gen_tk                           0x200032d9   Thumb Code    18  app_sec.o(.text)
    app_sec_gen_ltk                          0x200032eb   Thumb Code    74  app_sec.o(.text)
    app_sec_init                             0x20003335   Thumb Code    16  app_sec.o(.text)
    app_security_start                       0x20003345   Thumb Code    46  app_sec.o(.text)
    gapc_bond_req_ind_handler                0x20003389   Thumb Code    78  app_sec_task.o(.text)
    gapc_bond_ind_handler                    0x200033d7   Thumb Code    66  app_sec_task.o(.text)
    gapc_encrypt_req_ind_handler             0x20003419   Thumb Code   120  app_sec_task.o(.text)
    gapc_encrypt_ind_handler                 0x20003491   Thumb Code    10  app_sec_task.o(.text)
    gapm_device_ready_ind_handler            0x200034a9   Thumb Code    36  app_task.o(.text)
    gapm_cmp_evt_handler                     0x200034cd   Thumb Code    96  app_task.o(.text)
    gapc_connection_req_ind_handler          0x2000352d   Thumb Code    32  app_task.o(.text)
    gapc_cmp_evt_handler                     0x2000354d   Thumb Code    50  app_task.o(.text)
    gapc_disconnect_ind_handler              0x2000357f   Thumb Code    12  app_task.o(.text)
    app_module_init_cmp_evt_handler          0x2000358b   Thumb Code    36  app_task.o(.text)
    app_batt_create_db                       0x200035b9   Thumb Code    30  app_batt.o(.text)
    app_batt_init                            0x200035d7   Thumb Code    14  app_batt.o(.text)
    app_batt_enable                          0x200035e5   Thumb Code    70  app_batt.o(.text)
    app_batt_set_level                       0x2000362b   Thumb Code    36  app_batt.o(.text)
    app_batt_lvl                             0x2000364f   Thumb Code    28  app_batt.o(.text)
    app_batt_poll_start                      0x2000366b   Thumb Code    18  app_batt.o(.text)
    app_batt_poll_stop                       0x2000367d   Thumb Code    12  app_batt.o(.text)
    app_batt_alert_start                     0x20003689   Thumb Code    22  app_batt.o(.text)
    app_batt_alert_stop                      0x2000369f   Thumb Code    36  app_batt.o(.text)
    app_batt_port_reinit                     0x200036c3   Thumb Code     2  app_batt.o(.text)
    batt_create_db_cfm_handler               0x200036d9   Thumb Code    28  app_batt_task.o(.text)
    batt_level_upd_cfm_handler               0x200036f5   Thumb Code     4  app_batt_task.o(.text)
    batt_level_ntf_cfg_ind_handler           0x200036f9   Thumb Code     4  app_batt_task.o(.text)
    app_batt_timer_handler                   0x200036fd   Thumb Code    22  app_batt_task.o(.text)
    app_batt_alert_timer_handler             0x20003713   Thumb Code     4  app_batt_task.o(.text)
    app_proxr_init                           0x20003721   Thumb Code     8  app_proxr.o(.text)
    app_proxr_alert_stop                     0x20003729   Thumb Code    22  app_proxr.o(.text)
    app_proxr_enable                         0x2000373f   Thumb Code    48  app_proxr.o(.text)
    app_proxr_alert_start                    0x2000376f   Thumb Code    28  app_proxr.o(.text)
    app_proxr_rd_tx_pwr                      0x2000378b   Thumb Code    30  app_proxr.o(.text)
    app_proxr_create_db_send                 0x200037a9   Thumb Code    24  app_proxr.o(.text)
    app_proxr_port_reinit                    0x200037c1   Thumb Code     2  app_proxr.o(.text)
    proxr_create_db_cfm_handler              0x200037dd   Thumb Code    38  app_proxr_task.o(.text)
    proxr_disable_ind_handler                0x20003803   Thumb Code    20  app_proxr_task.o(.text)
    llc_rd_tx_pw_lvl_cmp_evt_handler         0x20003817   Thumb Code    36  app_proxr_task.o(.text)
    proxr_alert_ind_handler                  0x2000383b   Thumb Code    22  app_proxr_task.o(.text)
    app_proxr_timer_handler                  0x20003851   Thumb Code    50  app_proxr_task.o(.text)
    app_dis_init                             0x20003891   Thumb Code     2  app_dis.o(.text)
    app_dis_create_db_send                   0x20003893   Thumb Code    24  app_dis.o(.text)
    app_dis_enable_prf                       0x200038ab   Thumb Code    32  app_dis.o(.text)
    diss_create_db_cfm_handler               0x200038d1   Thumb Code   196  app_dis_task.o(.text)
    diss_disable_ind_handler                 0x20003995   Thumb Code     4  app_dis_task.o(.text)
    app_sample128_enable                     0x200039c5   Thumb Code    36  app_sample128.o(.text)
    app_sample128_create_db_send             0x200039e9   Thumb Code    24  app_sample128.o(.text)
    sample128_create_db_cfm_handler          0x20003a05   Thumb Code    38  app_sample128_task.o(.text)
    sample128_disable_ind_handler            0x20003a2b   Thumb Code     4  app_sample128_task.o(.text)
    sample128_val_ind_handler                0x20003a2f   Thumb Code    38  app_sample128_task.o(.text)
    app_sample128_write_char2_value          0x20003a59   Thumb Code    24  app_rughwatch_proj.o(.text)
    app_button_enable                        0x20003a71   Thumb Code    34  app_rughwatch_proj.o(.text)
    app_button_press_cb                      0x20003a93   Thumb Code    74  app_rughwatch_proj.o(.text)
    app_init_func                            0x20003add   Thumb Code    34  app_rughwatch_proj.o(.text)
    app_sec_init_func                        0x20003aff   Thumb Code     8  app_rughwatch_proj.o(.text)
    app_connection_func                      0x20003b07   Thumb Code   126  app_rughwatch_proj.o(.text)
    app_adv_func                             0x20003b85   Thumb Code   214  app_rughwatch_proj.o(.text)
    app_disconnect_func                      0x20003c5b   Thumb Code    50  app_rughwatch_proj.o(.text)
    app_db_init_func                         0x20003c8d   Thumb Code    76  app_rughwatch_proj.o(.text)
    app_update_params_rejected_func          0x20003cd9   Thumb Code     2  app_rughwatch_proj.o(.text)
    app_param_update_func                    0x20003cdb   Thumb Code     2  app_rughwatch_proj.o(.text)
    app_configuration_func                   0x20003cdd   Thumb Code    40  app_rughwatch_proj.o(.text)
    app_set_dev_config_complete_func         0x20003d05   Thumb Code    24  app_rughwatch_proj.o(.text)
    app_update_params_complete_func          0x20003d1d   Thumb Code     2  app_rughwatch_proj.o(.text)
    app_adv_undirect_complete                0x20003d1f   Thumb Code    14  app_rughwatch_proj.o(.text)
    app_adv_direct_complete                  0x20003d2d   Thumb Code     2  app_rughwatch_proj.o(.text)
    app_db_init_complete_func                0x20003d2f   Thumb Code     8  app_rughwatch_proj.o(.text)
    app_send_pairing_rsp_func                0x20003d37   Thumb Code    48  app_rughwatch_proj.o(.text)
    app_send_tk_exch_func                    0x20003d67   Thumb Code    60  app_rughwatch_proj.o(.text)
    app_send_irk_exch_func                   0x20003da3   Thumb Code     2  app_rughwatch_proj.o(.text)
    app_send_csrk_exch_func                  0x20003da5   Thumb Code    58  app_rughwatch_proj.o(.text)
    app_send_ltk_exch_func                   0x20003ddf   Thumb Code    76  app_rughwatch_proj.o(.text)
    app_paired_func                          0x20003e2b   Thumb Code     2  app_rughwatch_proj.o(.text)
    app_validate_encrypt_req_func            0x20003e2d   Thumb Code     4  app_rughwatch_proj.o(.text)
    app_sec_encrypt_ind_func                 0x20003e31   Thumb Code     2  app_rughwatch_proj.o(.text)
    app_sec_encrypt_complete_func            0x20003e33   Thumb Code     2  app_rughwatch_proj.o(.text)
    app_mitm_passcode_entry_func             0x20003e35   Thumb Code     2  app_rughwatch_proj.o(.text)
    app_adv_timer_handler                    0x20003e37   Thumb Code   126  app_rughwatch_proj.o(.text)
    app_wakeup_handler                       0x20003eb5   Thumb Code    28  app_rughwatch_proj.o(.text)
    app_accel_init                           0x20003ed1   Thumb Code     2  app_accel.o(.text)
    app_accel_enable                         0x20003ed3   Thumb Code    30  app_accel.o(.text)
    app_accel_create_db_send                 0x20003ef5   Thumb Code    20  app_accel_task.o(.text)
    accel_create_db_cfm_handler              0x20003f09   Thumb Code    36  app_accel_task.o(.text)
    accel_msg_handler                        0x20003f2d   Thumb Code     4  app_accel_task.o(.text)
    accel_start_ind_handler                  0x20003f31   Thumb Code    10  app_accel_task.o(.text)
    accel_stop_ind_handler                   0x20003f3b   Thumb Code     4  app_accel_task.o(.text)
    accel_write_line_ind_handler             0x20003f3f   Thumb Code     4  app_accel_task.o(.text)
    updateData_test                          0x20003f43   Thumb Code    54  app_accel_task.o(.text)
    app_accel_timer_handler                  0x20003f79   Thumb Code    20  app_accel_task.o(.text)
    app_accel_adv_timer_handler              0x20003f8d   Thumb Code     4  app_accel_task.o(.text)
    updateData                               0x20003f91   Thumb Code    36  app_accel_task.o(.text)
    app_hrps_create_db                       0x20003fc9   Thumb Code    24  app_hrps.o(.text)
    app_hrps_enable                          0x20003fe1   Thumb Code    36  app_hrps.o(.text)
    app_heart_rate_set_value                 0x20004005   Thumb Code    46  app_hrps.o(.text)
    hrps_create_db_cfm_handler               0x2000403d   Thumb Code    26  app_hrps_task.o(.text)
    custom_delay_func                        0x20004057   Thumb Code    22  app_rughwatch_task.o(.text)
    __aeabi_fdiv                             0x2000406d   Thumb Code   124  fdiv.o(.text)
    __ARM_scalbnf                            0x200040e9   Thumb Code    24  fscalb.o(.text)
    scalbnf                                  0x200040e9   Thumb Code     0  fscalb.o(.text)
    __aeabi_ui2f                             0x20004101   Thumb Code    14  ffltui.o(.text)
    __aeabi_f2uiz                            0x2000410f   Thumb Code    40  ffixui.o(.text)
    __aeabi_d2uiz                            0x20004139   Thumb Code    50  dfixui.o(.text)
    _float_round                             0x20004175   Thumb Code    16  fepilogue.o(.text)
    _float_epilogue                          0x20004185   Thumb Code   114  fepilogue.o(.text)
    __scatterload                            0x200041f9   Thumb Code    28  init.o(.text)
    __scatterload_rt2                        0x200041f9   Thumb Code     0  init.o(.text)
    Long Thumb to Thumb Veneer to lld_sleep_lpcycles_2_us_func 0x2000421d   Thumb Code    12  anon$$obj.o(Veneer$$Code)
    Long Thumb to Thumb Veneer to rwip_wakeup_delay_set 0x20004229   Thumb Code    12  anon$$obj.o(Veneer$$Code)
    Long Thumb to Thumb Veneer to set_system_clocks 0x20004235   Thumb Code    12  anon$$obj.o(Veneer$$Code)
    Long Thumb to Thumb Veneer to srand      0x20004241   Thumb Code    12  anon$$obj.o(Veneer$$Code)
    Long Thumb to Thumb Veneer to nvds_init  0x2000424d   Thumb Code    12  anon$$obj.o(Veneer$$Code)
    Long Thumb to Thumb Veneer to rwip_init  0x20004259   Thumb Code    12  anon$$obj.o(Veneer$$Code)
    Long Thumb to Thumb Veneer to enable_rf_diag_irq 0x20004265   Thumb Code    12  anon$$obj.o(Veneer$$Code)
    Long Thumb to Thumb Veneer to app_get_sleep_mode 0x20004271   Thumb Code    12  anon$$obj.o(Veneer$$Code)
    Long Thumb to Thumb Veneer to rwip_prevent_sleep_get 0x2000427d   Thumb Code    12  anon$$obj.o(Veneer$$Code)
    Long Thumb to Thumb Veneer to ke_event_get 0x20004289   Thumb Code    12  anon$$obj.o(Veneer$$Code)
    Long Thumb to Thumb Veneer to rwip_schedule 0x20004295   Thumb Code    12  anon$$obj.o(Veneer$$Code)
    Long Thumb to Thumb Veneer to lld_sleep_check 0x200042a1   Thumb Code    12  anon$$obj.o(Veneer$$Code)
    Long Thumb to Thumb Veneer to func_check_mem 0x200042ad   Thumb Code    12  anon$$obj.o(Veneer$$Code)
    Long Thumb to Thumb Veneer to test_rxdone 0x200042b9   Thumb Code    12  anon$$obj.o(Veneer$$Code)
    Long Thumb to Thumb Veneer to ke_mem_is_empty 0x200042c5   Thumb Code    12  anon$$obj.o(Veneer$$Code)
    Long Thumb to Thumb Veneer to __aeabi_uidivmod 0x200042d1   Thumb Code    12  anon$$obj.o(Veneer$$Code)
    Long Thumb to Thumb Veneer to get_rc16m_count 0x200042dd   Thumb Code    12  anon$$obj.o(Veneer$$Code)
    Long Thumb to Thumb Veneer to pll_vcocal_LUT_InitUpdate 0x200042e9   Thumb Code    12  anon$$obj.o(Veneer$$Code)
    Long Thumb to Thumb Veneer to rf_calibration 0x200042f5   Thumb Code    12  anon$$obj.o(Veneer$$Code)
    Long Thumb to Thumb Veneer to lld_sleep_us_2_lpcycles_func 0x20004301   Thumb Code    12  anon$$obj.o(Veneer$$Code)
    Long Thumb to Thumb Veneer to __aeabi_memcpy 0x2000430d   Thumb Code    12  anon$$obj.o(Veneer$$Code)
    Long Thumb to Thumb Veneer to __aeabi_idivmod 0x20004319   Thumb Code    12  anon$$obj.o(Veneer$$Code)
    Long Thumb to Thumb Veneer to co_list_pop_front 0x20004325   Thumb Code    12  anon$$obj.o(Veneer$$Code)
    Long Thumb to Thumb Veneer to ke_task_handler_get 0x20004331   Thumb Code    12  anon$$obj.o(Veneer$$Code)
    Long Thumb to Thumb Veneer to ke_msg_free 0x2000433d   Thumb Code    12  anon$$obj.o(Veneer$$Code)
    Long Thumb to Thumb Veneer to co_list_push_back 0x20004349   Thumb Code    12  anon$$obj.o(Veneer$$Code)
    Long Thumb to Thumb Veneer to ke_event_clear 0x20004355   Thumb Code    12  anon$$obj.o(Veneer$$Code)
    Long Thumb to Thumb Veneer to __aeabi_memclr4 0x20004361   Thumb Code    12  anon$$obj.o(Veneer$$Code)
    Long Thumb to Thumb Veneer to ke_event_callback_set 0x2000436d   Thumb Code    12  anon$$obj.o(Veneer$$Code)
    Long Thumb to Thumb Veneer to ke_state_get 0x20004379   Thumb Code    12  anon$$obj.o(Veneer$$Code)
    Long Thumb to Thumb Veneer to __ARM_common_switch8 0x20004385   Thumb Code    12  anon$$obj.o(Veneer$$Code)
    Long Thumb to Thumb Veneer to ke_timer_clear 0x20004391   Thumb Code    12  anon$$obj.o(Veneer$$Code)
    Long Thumb to Thumb Veneer to atts_send_cmd_cmp 0x2000439d   Thumb Code    12  anon$$obj.o(Veneer$$Code)
    Long Thumb to Thumb Veneer to ke_state_set 0x200043a9   Thumb Code    12  anon$$obj.o(Veneer$$Code)
    Long Thumb to Thumb Veneer to atts_mtu_exc_resp 0x200043b5   Thumb Code    12  anon$$obj.o(Veneer$$Code)
    Long Thumb to Thumb Veneer to atts_find_info_resp 0x200043c1   Thumb Code    12  anon$$obj.o(Veneer$$Code)
    Long Thumb to Thumb Veneer to atts_find_by_type_resp 0x200043cd   Thumb Code    12  anon$$obj.o(Veneer$$Code)
    Long Thumb to Thumb Veneer to atts_read_by_type_resp 0x200043d9   Thumb Code    12  anon$$obj.o(Veneer$$Code)
    Long Thumb to Thumb Veneer to atts_read_by_grp_type_resp 0x200043e5   Thumb Code    12  anon$$obj.o(Veneer$$Code)
    Long Thumb to Thumb Veneer to atts_read_resp 0x200043f1   Thumb Code    12  anon$$obj.o(Veneer$$Code)
    Long Thumb to Thumb Veneer to atts_read_blob_resp 0x200043fd   Thumb Code    12  anon$$obj.o(Veneer$$Code)
    Long Thumb to Thumb Veneer to atts_read_mult_resp 0x20004409   Thumb Code    12  anon$$obj.o(Veneer$$Code)
    Long Thumb to Thumb Veneer to atts_write_no_resp 0x20004415   Thumb Code    12  anon$$obj.o(Veneer$$Code)
    Long Thumb to Thumb Veneer to atts_write_resp 0x20004421   Thumb Code    12  anon$$obj.o(Veneer$$Code)
    Long Thumb to Thumb Veneer to atts_signed_write_resp 0x2000442d   Thumb Code    12  anon$$obj.o(Veneer$$Code)
    Long Thumb to Thumb Veneer to atts_prepare_write_resp 0x20004439   Thumb Code    12  anon$$obj.o(Veneer$$Code)
    Long Thumb to Thumb Veneer to atts_execute_write_resp 0x20004445   Thumb Code    12  anon$$obj.o(Veneer$$Code)
    Long Thumb to Thumb Veneer to ke_msg_alloc 0x20004451   Thumb Code    12  anon$$obj.o(Veneer$$Code)
    Long Thumb to Thumb Veneer to gapc_get_enc_keysize 0x2000445d   Thumb Code    12  anon$$obj.o(Veneer$$Code)
    Long Thumb to Thumb Veneer to gapc_get_role 0x20004469   Thumb Code    12  anon$$obj.o(Veneer$$Code)
    Long Thumb to Thumb Veneer to ke_msg_send 0x20004475   Thumb Code    12  anon$$obj.o(Veneer$$Code)
    Long Thumb to Thumb Veneer to smpc_generate_rand 0x20004481   Thumb Code    12  anon$$obj.o(Veneer$$Code)
    Long Thumb to Thumb Veneer to smpc_tkdp_send_continue 0x2000448d   Thumb Code    12  anon$$obj.o(Veneer$$Code)
    Long Thumb to Thumb Veneer to smpc_pdu_send 0x20004499   Thumb Code    12  anon$$obj.o(Veneer$$Code)
    Long Thumb to Thumb Veneer to smpc_tkdp_rcp_start 0x200044a5   Thumb Code    12  anon$$obj.o(Veneer$$Code)
    Long Thumb to Thumb Veneer to smpc_pairing_end 0x200044b1   Thumb Code    12  anon$$obj.o(Veneer$$Code)
    Long Thumb to Thumb Veneer to smpc_check_max_key_size 0x200044bd   Thumb Code    12  anon$$obj.o(Veneer$$Code)
    Long Thumb to Thumb Veneer to smpc_check_key_distrib 0x200044c9   Thumb Code    12  anon$$obj.o(Veneer$$Code)
    Long Thumb to Thumb Veneer to smpc_get_key_sec_prop 0x200044d5   Thumb Code    12  anon$$obj.o(Veneer$$Code)
    Long Thumb to Thumb Veneer to smpc_is_sec_mode_reached 0x200044e1   Thumb Code    12  anon$$obj.o(Veneer$$Code)
    Long Thumb to Thumb Veneer to memcmp     0x200044ed   Thumb Code    12  anon$$obj.o(Veneer$$Code)
    Long Thumb to Thumb Veneer to ke_sleep_check 0x200044f9   Thumb Code    12  anon$$obj.o(Veneer$$Code)
    Long Thumb to Thumb Veneer to ke_timer_sleep_check 0x20004505   Thumb Code    12  anon$$obj.o(Veneer$$Code)
    Long Thumb to Thumb Veneer to gtl_enter_sleep 0x20004511   Thumb Code    12  anon$$obj.o(Veneer$$Code)
    Long Thumb to Thumb Veneer to lld_sleep_enter 0x2000451d   Thumb Code    12  anon$$obj.o(Veneer$$Code)
    Long Thumb to Thumb Veneer to ble_regs_push 0x20004529   Thumb Code    12  anon$$obj.o(Veneer$$Code)
    Long Thumb to Thumb Veneer to smpc_regs_push 0x20004535   Thumb Code    12  anon$$obj.o(Veneer$$Code)
    Long Thumb to Thumb Veneer to __aeabi_ui2d 0x20004541   Thumb Code    12  anon$$obj.o(Veneer$$Code)
    Long Thumb to Thumb Veneer to __aeabi_dmul 0x2000454d   Thumb Code    12  anon$$obj.o(Veneer$$Code)
    Long Thumb to Thumb Veneer to rf_workaround_init 0x20004559   Thumb Code    12  anon$$obj.o(Veneer$$Code)
    Long Thumb to Thumb Veneer to rf_reinit  0x20004565   Thumb Code    12  anon$$obj.o(Veneer$$Code)
    Long Thumb to Thumb Veneer to ble_regs_pop 0x20004571   Thumb Code    12  anon$$obj.o(Veneer$$Code)
    Long Thumb to Thumb Veneer to gtl_eif_init 0x2000457d   Thumb Code    12  anon$$obj.o(Veneer$$Code)
    Long Thumb to Thumb Veneer to rwip_wakeup 0x20004589   Thumb Code    12  anon$$obj.o(Veneer$$Code)
    Long Thumb to Thumb Veneer to set_rf_cal_cap 0x20004595   Thumb Code    12  anon$$obj.o(Veneer$$Code)
    Long Thumb to Thumb Veneer to set_gauss_modgain 0x200045a1   Thumb Code    12  anon$$obj.o(Veneer$$Code)
    Long Thumb to Thumb Veneer to __aeabi_memclr 0x200045ad   Thumb Code    12  anon$$obj.o(Veneer$$Code)
    Long Thumb to Thumb Veneer to ke_task_create 0x200045b9   Thumb Code    12  anon$$obj.o(Veneer$$Code)
    Long Thumb to Thumb Veneer to attm_svc_create_db 0x200045c5   Thumb Code    12  anon$$obj.o(Veneer$$Code)
    Long Thumb to Thumb Veneer to attmdb_svc_set_permission 0x200045d1   Thumb Code    12  anon$$obj.o(Veneer$$Code)
    Long Thumb to Thumb Veneer to gapc_get_conidx 0x200045dd   Thumb Code    12  anon$$obj.o(Veneer$$Code)
    Long Thumb to Thumb Veneer to attmdb_att_set_value 0x200045e9   Thumb Code    12  anon$$obj.o(Veneer$$Code)
    Long Thumb to Thumb Veneer to attmdb_att_update_value 0x200045f5   Thumb Code    12  anon$$obj.o(Veneer$$Code)
    Long Thumb to Thumb Veneer to attmdb_att_get_value 0x20004601   Thumb Code    12  anon$$obj.o(Veneer$$Code)
    Long Thumb to Thumb Veneer to ke_msg_send_basic 0x2000460d   Thumb Code    12  anon$$obj.o(Veneer$$Code)
    Long Thumb to Thumb Veneer to atts_write_rsp_send 0x20004619   Thumb Code    12  anon$$obj.o(Veneer$$Code)
    Long Thumb to Thumb Veneer to gapc_get_conhdl 0x20004625   Thumb Code    12  anon$$obj.o(Veneer$$Code)
    Long Thumb to Thumb Veneer to attmdb_att_partial_value_update 0x20004631   Thumb Code    12  anon$$obj.o(Veneer$$Code)
    Long Thumb to Thumb Veneer to attmdb_att_set_permission 0x2000463d   Thumb Code    12  anon$$obj.o(Veneer$$Code)
    Long Thumb to Thumb Veneer to gapc_send_disconect_ind 0x20004649   Thumb Code    12  anon$$obj.o(Veneer$$Code)
    Long Thumb to Thumb Veneer to attmdb_add_service 0x20004655   Thumb Code    12  anon$$obj.o(Veneer$$Code)
    Long Thumb to Thumb Veneer to attmdb_add_attribute 0x20004661   Thumb Code    12  anon$$obj.o(Veneer$$Code)
    Long Thumb to Thumb Veneer to nvds_get   0x2000466d   Thumb Code    12  anon$$obj.o(Veneer$$Code)
    Long Thumb to Thumb Veneer to ke_timer_set 0x20004679   Thumb Code    12  anon$$obj.o(Veneer$$Code)
    Long Thumb to Thumb Veneer to rand       0x20004685   Thumb Code    12  anon$$obj.o(Veneer$$Code)
    Long Thumb to Thumb Veneer to __aeabi_memcpy4 0x20004691   Thumb Code    12  anon$$obj.o(Veneer$$Code)
    Long Thumb to Thumb Veneer to __aeabi_llsr 0x2000469d   Thumb Code    12  anon$$obj.o(Veneer$$Code)
    Long Thumb to Thumb Veneer to __aeabi_llsl 0x200046a9   Thumb Code    12  anon$$obj.o(Veneer$$Code)
    GPIO_ConfigurePin                        0x200046b5   Thumb Code    78  gpio.o(i.GPIO_ConfigurePin)
    GPIO_GetPinStatus                        0x20004709   Thumb Code    26  gpio.o(i.GPIO_GetPinStatus)
    GPIO_SetActive                           0x20004729   Thumb Code    58  gpio.o(i.GPIO_SetActive)
    GPIO_SetInactive                         0x2000476d   Thumb Code    58  gpio.o(i.GPIO_SetInactive)
    GPIO_SetPinFunction                      0x200047b1   Thumb Code    64  gpio.o(i.GPIO_SetPinFunction)
    GPIO_init                                0x200047f9   Thumb Code   140  gpio.o(i.GPIO_init)
    __scatterload_copy                       0x2000488d   Thumb Code    14  handlers.o(i.__scatterload_copy)
    __scatterload_null                       0x2000489b   Thumb Code     2  handlers.o(i.__scatterload_null)
    __scatterload_zeroinit                   0x2000489d   Thumb Code    14  handlers.o(i.__scatterload_zeroinit)
    set_tmr_div                              0x200048ad   Thumb Code    18  pwm.o(i.set_tmr_div)
    set_tmr_enable                           0x200048c5   Thumb Code    18  pwm.o(i.set_tmr_enable)
    timer0_start                             0x200048dd   Thumb Code    12  pwm.o(i.timer0_start)
    timer2_enable                            0x200048ed   Thumb Code    34  pwm.o(i.timer2_enable)
    timer2_set_hw_pause                      0x20004915   Thumb Code    18  pwm.o(i.timer2_set_hw_pause)
    timer2_set_sw_pause                      0x2000492d   Thumb Code    18  pwm.o(i.timer2_set_sw_pause)
    patch_table                              0x20004944   Data          20  arch_main.o(.constdata)
    LUT_CFG                                  0x20004958   Data          22  arch_main.o(.constdata)
    accel_disabled                           0x20004b38   Data           8  accel_task.o(.constdata)
    accel_idle                               0x20004b40   Data           8  accel_task.o(.constdata)
    accel_active                             0x20004b48   Data          24  accel_task.o(.constdata)
    accel_state_handler                      0x20004b60   Data          24  accel_task.o(.constdata)
    accel_default_handler                    0x20004b78   Data           8  accel_task.o(.constdata)
    bas_att_db                               0x20004b80   Data          60  bass.o(.constdata)
    bas_svc                                  0x20004bbc   Data           2  bass.o(.constdata)
    bas_batt_level_char                      0x20004bbe   Data           5  bass.o(.constdata)
    bass_disabled                            0x20004bd4   Data           8  bass_task.o(.constdata)
    bass_idle                                0x20004bdc   Data           8  bass_task.o(.constdata)
    bass_connected                           0x20004be4   Data          24  bass_task.o(.constdata)
    bass_default_state                       0x20004bfc   Data           8  bass_task.o(.constdata)
    bass_state_handler                       0x20004c04   Data          24  bass_task.o(.constdata)
    bass_default_handler                     0x20004c1c   Data           8  bass_task.o(.constdata)
    diss_att_db                              0x20004c24   Data         228  diss.o(.constdata)
    diss_dis_svc                             0x20004d08   Data           2  diss.o(.constdata)
    diss_manufacturer_name_char              0x20004d0a   Data           5  diss.o(.constdata)
    diss_model_nb_str_char                   0x20004d0f   Data           5  diss.o(.constdata)
    diss_serial_nb_str_char                  0x20004d14   Data           5  diss.o(.constdata)
    diss_hard_rev_str_char                   0x20004d19   Data           5  diss.o(.constdata)
    diss_firm_rev_str_char                   0x20004d1e   Data           5  diss.o(.constdata)
    diss_sw_rev_str_char                     0x20004d23   Data           5  diss.o(.constdata)
    diss_system_id_char                      0x20004d28   Data           5  diss.o(.constdata)
    diss_ieee_char                           0x20004d2d   Data           5  diss.o(.constdata)
    diss_pnp_id_char                         0x20004d32   Data           5  diss.o(.constdata)
    diss_disabled                            0x20004d48   Data           8  diss_task.o(.constdata)
    diss_idle                                0x20004d50   Data          16  diss_task.o(.constdata)
    diss_default_state                       0x20004d60   Data           8  diss_task.o(.constdata)
    diss_state_handler                       0x20004d68   Data          24  diss_task.o(.constdata)
    diss_default_handler                     0x20004d80   Data           8  diss_task.o(.constdata)
    hrps_att_db                              0x20004d88   Data          96  hrps.o(.constdata)
    hrps_hrs_svc                             0x20004de8   Data           2  hrps.o(.constdata)
    hrps_hr_meas_char                        0x20004dea   Data           5  hrps.o(.constdata)
    hrps_body_sensor_loc_char                0x20004def   Data           5  hrps.o(.constdata)
    hrps_hr_cntl_point_char                  0x20004df4   Data           5  hrps.o(.constdata)
    hrps_disabled                            0x20004e0c   Data           8  hrps_task.o(.constdata)
    hrps_idle                                0x20004e14   Data           8  hrps_task.o(.constdata)
    hrps_connected                           0x20004e1c   Data          24  hrps_task.o(.constdata)
    hrps_default_state                       0x20004e34   Data           8  hrps_task.o(.constdata)
    hrps_state_handler                       0x20004e3c   Data          24  hrps_task.o(.constdata)
    hrps_default_handler                     0x20004e54   Data           8  hrps_task.o(.constdata)
    proxr_lls_att_db                         0x20004e5c   Data          36  proxr.o(.constdata)
    proxr_ias_att_db                         0x20004e80   Data          36  proxr.o(.constdata)
    proxr_txps_att_db                        0x20004ea4   Data          36  proxr.o(.constdata)
    proxr_lls_svc                            0x20004ec8   Data           2  proxr.o(.constdata)
    proxr_lls_alert_lvl_char                 0x20004eca   Data           5  proxr.o(.constdata)
    proxr_ias_svc                            0x20004ed0   Data           2  proxr.o(.constdata)
    proxr_ias_alert_lvl_char                 0x20004ed2   Data           5  proxr.o(.constdata)
    proxr_txps_svc                           0x20004ed8   Data           2  proxr.o(.constdata)
    proxr_txps_tx_power_lvl_char             0x20004eda   Data           5  proxr.o(.constdata)
    proxr_disabled                           0x20004ef0   Data           8  proxr_task.o(.constdata)
    proxr_idle                               0x20004ef8   Data           8  proxr_task.o(.constdata)
    proxr_connected                          0x20004f00   Data           8  proxr_task.o(.constdata)
    proxr_default_state                      0x20004f08   Data           8  proxr_task.o(.constdata)
    proxr_state_handler                      0x20004f10   Data          24  proxr_task.o(.constdata)
    proxr_default_handler                    0x20004f28   Data           8  proxr_task.o(.constdata)
    sample128_svc                            0x20004f30   Data          16  sample128.o(.constdata)
    sample128_1_val                          0x20004f40   Data          16  sample128.o(.constdata)
    sample128_2_val                          0x20004f50   Data          16  sample128.o(.constdata)
    sample128_disabled                       0x20004f70   Data           8  sample128_task.o(.constdata)
    sample128_idle                           0x20004f78   Data           8  sample128_task.o(.constdata)
    sample128_connected                      0x20004f80   Data          16  sample128_task.o(.constdata)
    sample128_default_state                  0x20004f90   Data           8  sample128_task.o(.constdata)
    sample128_state_handler                  0x20004f98   Data          24  sample128_task.o(.constdata)
    sample128_default_handler                0x20004fb0   Data           8  sample128_task.o(.constdata)
    app_default_state                        0x20004fc8   Data         288  app_task.o(.constdata)
    app_default_handler                      0x200050e8   Data           8  app_task.o(.constdata)
    Region$$Table$$Base                      0x200050f0   Number         0  anon$$obj.o(Region$$Table)
    Region$$Table$$Limit                     0x20005110   Number         0  anon$$obj.o(Region$$Table)
    sample128_1_char                         0x20005110   Data          19  sample128.o(.data)
    sample128_2_char                         0x20005123   Data          19  sample128.o(.data)
    sample128_env                            0x2000513c   Data          10  sample128.o(exchange_mem_case1)
    sample128_state                          0x20005146   Data           1  sample128_task.o(exchange_mem_case1)
    sys_startup_flag                         0x20007f00   Data           1  arch_main.o(retention_mem_area0)
    sleep_md                                 0x20007f01   Data           1  arch_sleep.o(retention_mem_area0)
    sleep_pend                               0x20007f02   Data           1  arch_sleep.o(retention_mem_area0)
    sleep_cnt                                0x20007f03   Data           1  arch_sleep.o(retention_mem_area0)
    sleep_ext_force                          0x20007f04   Data           1  arch_sleep.o(retention_mem_area0)
    cal_enable                               0x20007f08   Data           1  arch_system.o(retention_mem_area0)
    lp_clk_sel                               0x20007f0c   Data           4  arch_system.o(retention_mem_area0)
    rcx_freq                                 0x20007f10   Data           4  arch_system.o(retention_mem_area0)
    rcx_period                               0x20007f14   Data           4  arch_system.o(retention_mem_area0)
    WKUPCT_callback                          0x20007f18   Data           4  wkupct_quadec.o(retention_mem_area0)
    old_batt_level                           0x20007f1c   Data           1  battery.o(retention_mem_area0)
    dev_bdaddr                               0x20007f1d   Data           6  nvds.o(retention_mem_area0)
    accel_env                                0x20007f24   Data           8  accel.o(retention_mem_area0)
    accel_state                              0x20007f2c   Data           1  accel_task.o(retention_mem_area0)
    bass_env                                 0x20007f2e   Data          14  bass.o(retention_mem_area0)
    bass_state                               0x20007f3c   Data           1  bass_task.o(retention_mem_area0)
    diss_env                                 0x20007f3e   Data          18  diss.o(retention_mem_area0)
    diss_state                               0x20007f50   Data           1  diss_task.o(retention_mem_area0)
    hrps_env                                 0x20007f52   Data          10  hrps.o(retention_mem_area0)
    hrps_state                               0x20007f5c   Data           1  hrps_task.o(retention_mem_area0)
    proxr_env                                0x20007f5e   Data          12  proxr.o(retention_mem_area0)
    proxr_state                              0x20007f6a   Data           1  proxr_task.o(retention_mem_area0)
    app_env                                  0x20007f6c   Data          12  app.o(retention_mem_area0)
    app_sec_env                              0x20007f78   Data          36  app_sec.o(retention_mem_area0)
    app_state                                0x20007f9c   Data           1  app_task.o(retention_mem_area0)
    cur_batt_level                           0x20007f9e   Data           1  app_batt.o(retention_mem_area0)
    batt_alert_en                            0x20007f9f   Data           1  app_batt.o(retention_mem_area0)
    bat_led_state                            0x20007fa0   Data           1  app_batt.o(retention_mem_area0)
    bat_lvl_alert_used                       0x20007fa1   Data           1  app_batt.o(retention_mem_area0)
    bat_led_port                             0x20007fa2   Data           1  app_batt.o(retention_mem_area0)
    bat_led_pin                              0x20007fa3   Data           1  app_batt.o(retention_mem_area0)
    bat_poll_timeout                         0x20007fa4   Data           2  app_batt.o(retention_mem_area0)
    alert_state                              0x20007fa8   Data          12  app_proxr.o(retention_mem_area0)
    accel_threshold                          0x20007fb4   Data           1  app_accel_task.o(retention_mem_area0)
    accel_adv_interval1                      0x20007fb5   Data           1  app_accel_task.o(retention_mem_area0)
    accel_adv_interval2                      0x20007fb6   Data           1  app_accel_task.o(retention_mem_area0)
    accel_adv_interval3                      0x20007fb7   Data           1  app_accel_task.o(retention_mem_area0)
    accel_con_interval                       0x20007fb8   Data           1  app_accel_task.o(retention_mem_area0)
    accel_mode                               0x20007fb9   Data           1  app_accel_task.o(retention_mem_area0)
    accel_latency                            0x20007fba   Data           1  app_accel_task.o(retention_mem_area0)
    accel_window                             0x20007fbb   Data           1  app_accel_task.o(retention_mem_area0)
    rwip_heap_non_ret                        0x20008bf4   Data        1036  jump_table.o(heap_mem_area_not_ret)
    SystemCoreClock                          0x20009000   Data           0  rom_symdef.txt ABSOLUTE
    error                                    0x20009004   Data           0  rom_symdef.txt ABSOLUTE
    GPIO_status                              0x20009028   Data           8  gpio.o(.bss)
    GPIO                                     0x20009030   Data         160  gpio.o(.bss)
    rx_data                                  0x200090d0   Data           1  uart.o(.bss)
    ledb_sw                                  0x200090d1   Data           1  app_proxr.o(.bss)
    __initial_sp                             0x20009800   Data           0  boot_vectors.o(STACK)
    clk_per_reg                              0x50000004   Data           4  pwm.o(.ARM.__AT_0x50000004)
    timer0_ctrl_reg                          0x50003400   Data           4  pwm.o(.ARM.__AT_0x50003400)
    triple_pwm_ctrl_reg                      0x50003410   Data           4  pwm.o(.ARM.__AT_0x50003410)



==============================================================================

Memory Map of the image

  Image Entry point : 0x20000441

  Load Region LR_IROM1 (Base: 0x20000000, Size: 0x000000a0, Max: 0x00000160, ABSOLUTE)

    Execution Region ER_IROM1 (Base: 0x20000000, Size: 0x000000a0, Max: 0x00000160, ABSOLUTE)

    Base Addr    Size         Type   Attr      Idx    E Section Name        Object

    0x20000000   0x000000a0   Data   RO           52    RESET               boot_vectors.o



  Load Region LR_IROM2 (Base: 0x20000160, Size: 0x00000160, Max: 0x00000160, ABSOLUTE)

    Execution Region ER_IROM2 (Base: 0x20000160, Size: 0x00000160, Max: 0x00000160, ABSOLUTE)

    Base Addr    Size         Type   Attr      Idx    E Section Name        Object

    0x20000160   0x00000160   Data   RO          414    jump_table_mem_area  jump_table.o



  Load Region LR_IROM3 (Base: 0x200002c0, Size: 0x00000064, Max: 0x00000070, ABSOLUTE)

    Execution Region ER_IROM3 (Base: 0x200002c0, Size: 0x00000064, Max: 0x00000070, ABSOLUTE)

    Base Addr    Size         Type   Attr      Idx    E Section Name        Object

    0x200002c0   0x00000064   Data   RO         1139    timeout_table_area  gapm.o



  Load Region LR_IROM4 (Base: 0x20000340, Size: 0x000000a4, Max: 0x00000100, ABSOLUTE)

    Execution Region ER_IROM4 (Base: 0x20000340, Size: 0x000000a4, Max: 0x00000100, ABSOLUTE)

    Base Addr    Size         Type   Attr      Idx    E Section Name        Object

    0x20000340   0x000000a4   Data   RO         1173    nvds_data_storage_area  nvds.o



  Load Region LR_IROM5 (Base: 0x20000440, Size: 0x00004d08, Max: 0x000093c0, ABSOLUTE)

    Execution Region ER_IROM5 (Base: 0x20000440, Size: 0x00004d08, Max: 0x00007ac0, ABSOLUTE)

    Base Addr    Size         Type   Attr      Idx    E Section Name        Object

    0x20000440   0x00000000   Code   RO         2361  * .ARM.Collect$$$$00000000  mc_p.l(entry.o)
    0x20000440   0x00000004   Code   RO         2646    .ARM.Collect$$$$00000001  mc_p.l(entry2.o)
    0x20000444   0x00000004   Code   RO         2649    .ARM.Collect$$$$00000004  mc_p.l(entry5.o)
    0x20000448   0x00000000   Code   RO         2651    .ARM.Collect$$$$00000008  mc_p.l(entry7b.o)
    0x20000448   0x00000000   Code   RO         2653    .ARM.Collect$$$$0000000A  mc_p.l(entry8b.o)
    0x20000448   0x00000008   Code   RO         2654    .ARM.Collect$$$$0000000B  mc_p.l(entry9a.o)
    0x20000450   0x00000000   Code   RO         2656    .ARM.Collect$$$$0000000D  mc_p.l(entry10a.o)
    0x20000450   0x00000000   Code   RO         2658    .ARM.Collect$$$$0000000F  mc_p.l(entry11a.o)
    0x20000450   0x00000004   Code   RO         2647    .ARM.Collect$$$$00002712  mc_p.l(entry2.o)
    0x20000454   0x0000003c   Code   RO            2    .text               system_armcm0.o
    0x20000490   0x00000038   Code   RO           53    .text               boot_vectors.o
    0x200004c8   0x000003a0   Code   RO           79    .text               arch_main.o
    0x20000868   0x00000002   Code   RO          409    .text               jump_table.o
    0x2000086a   0x00000002   PAD
    0x2000086c   0x000000d4   Code   RO          477    .text               arch_sleep.o
    0x20000940   0x00000044   Code   RO          493    .text               nmi_handler.o
    0x20000984   0x000003b4   Code   RO          512    .text               periph_setup.o
    0x20000d38   0x00000240   Code   RO          667    .text               arch_system.o
    0x20000f78   0x00000308   Code   RO          702    .text               rf_580.o
    0x20001280   0x000000b8   Code   RO          801    .text               wkupct_quadec.o
    0x20001338   0x000000b8   Code   RO          822    .text               battery.o
    0x200013f0   0x00000060   Code   RO          844    .text               adc.o
    0x20001450   0x0000007c   Code   RO          859    .text               pwm.o
    0x200014cc   0x00000134   Code   RO         1111    .text               uart.o
    0x20001600   0x000000b8   Code   RO         1137    .text               ke_task.obj
    0x200016b8   0x000000ec   Code   RO         1166    .text               atts_task.obj
    0x200017a4   0x000000ec   Code   RO         1168    .text               smpc.obj
    0x20001890   0x0000020c   Code   RO         1170    .text               smpc_task.obj
    0x20001a9c   0x00000278   Code   RO         1172    .text               nvds.o
    0x20001d14   0x00000190   Code   RO         1189    .text               rwip.o
    0x20001ea4   0x00000110   Code   RO         1208    .text               rwble.o
    0x20001fb4   0x00000024   Code   RO         1230    .text               accel.o
    0x20001fd8   0x000002cc   Code   RO         1266    .text               accel_task.o
    0x200022a4   0x000000c0   Code   RO         1328    .text               bass.o
    0x20002364   0x00000314   Code   RO         1354    .text               bass_task.o
    0x20002678   0x000000a4   Code   RO         1431    .text               diss.o
    0x2000271c   0x000000fc   Code   RO         1468    .text               diss_task.o
    0x20002818   0x000000f8   Code   RO         1554    .text               hrps.o
    0x20002910   0x0000021c   Code   RO         1589    .text               hrps_task.o
    0x20002b2c   0x000000a8   Code   RO         1652    .text               proxr.o
    0x20002bd4   0x000001ac   Code   RO         1684    .text               proxr_task.o
    0x20002d80   0x00000150   Code   RO         1735    .text               prf_utils.o
    0x20002ed0   0x000000a8   Code   RO         1957    .text               sample128.o
    0x20002f78   0x0000025c   Code   RO         1981    .text               sample128_task.o
    0x200031d4   0x00000104   Code   RO         2008    .text               app.o
    0x200032d8   0x000000b0   Code   RO         2031    .text               app_sec.o
    0x20003388   0x00000120   Code   RO         2052    .text               app_sec_task.o
    0x200034a8   0x00000110   Code   RO         2064    .text               app_task.o
    0x200035b8   0x00000120   Code   RO         2101    .text               app_batt.o
    0x200036d8   0x00000048   Code   RO         2121    .text               app_batt_task.o
    0x20003720   0x000000bc   Code   RO         2152    .text               app_proxr.o
    0x200037dc   0x000000b4   Code   RO         2175    .text               app_proxr_task.o
    0x20003890   0x00000040   Code   RO         2197    .text               app_dis.o
    0x200038d0   0x000000f4   Code   RO         2215    .text               app_dis_task.o
    0x200039c4   0x00000040   Code   RO         2227    .text               app_sample128.o
    0x20003a04   0x00000054   Code   RO         2242    .text               app_sample128_task.o
    0x20003a58   0x00000478   Code   RO         2254    .text               app_rughwatch_proj.o
    0x20003ed0   0x00000024   Code   RO         2278    .text               app_accel.o
    0x20003ef4   0x000000d4   Code   RO         2290    .text               app_accel_task.o
    0x20003fc8   0x00000074   Code   RO         2322    .text               app_hrps.o
    0x2000403c   0x0000001a   Code   RO         2334    .text               app_hrps_task.o
    0x20004056   0x00000016   Code   RO         2346    .text               app_rughwatch_task.o
    0x2000406c   0x0000007c   Code   RO         2624    .text               mf_p.l(fdiv.o)
    0x200040e8   0x00000018   Code   RO         2626    .text               mf_p.l(fscalb.o)
    0x20004100   0x0000000e   Code   RO         2634    .text               mf_p.l(ffltui.o)
    0x2000410e   0x00000028   Code   RO         2638    .text               mf_p.l(ffixui.o)
    0x20004136   0x00000002   PAD
    0x20004138   0x0000003c   Code   RO         2640    .text               mf_p.l(dfixui.o)
    0x20004174   0x00000082   Code   RO         2667    .text               mf_p.l(fepilogue.o)
    0x200041f6   0x00000002   PAD
    0x200041f8   0x00000024   Code   RO         2673    .text               mc_p.l(init.o)
    0x2000421c   0x0000000c   Ven    RO         2685    Veneer$$Code        anon$$obj.o
    0x20004228   0x0000000c   Ven    RO         2686    Veneer$$Code        anon$$obj.o
    0x20004234   0x0000000c   Ven    RO         2687    Veneer$$Code        anon$$obj.o
    0x20004240   0x0000000c   Ven    RO         2688    Veneer$$Code        anon$$obj.o
    0x2000424c   0x0000000c   Ven    RO         2689    Veneer$$Code        anon$$obj.o
    0x20004258   0x0000000c   Ven    RO         2690    Veneer$$Code        anon$$obj.o
    0x20004264   0x0000000c   Ven    RO         2691    Veneer$$Code        anon$$obj.o
    0x20004270   0x0000000c   Ven    RO         2692    Veneer$$Code        anon$$obj.o
    0x2000427c   0x0000000c   Ven    RO         2693    Veneer$$Code        anon$$obj.o
    0x20004288   0x0000000c   Ven    RO         2694    Veneer$$Code        anon$$obj.o
    0x20004294   0x0000000c   Ven    RO         2695    Veneer$$Code        anon$$obj.o
    0x200042a0   0x0000000c   Ven    RO         2696    Veneer$$Code        anon$$obj.o
    0x200042ac   0x0000000c   Ven    RO         2697    Veneer$$Code        anon$$obj.o
    0x200042b8   0x0000000c   Ven    RO         2698    Veneer$$Code        anon$$obj.o
    0x200042c4   0x0000000c   Ven    RO         2699    Veneer$$Code        anon$$obj.o
    0x200042d0   0x0000000c   Ven    RO         2700    Veneer$$Code        anon$$obj.o
    0x200042dc   0x0000000c   Ven    RO         2701    Veneer$$Code        anon$$obj.o
    0x200042e8   0x0000000c   Ven    RO         2702    Veneer$$Code        anon$$obj.o
    0x200042f4   0x0000000c   Ven    RO         2703    Veneer$$Code        anon$$obj.o
    0x20004300   0x0000000c   Ven    RO         2704    Veneer$$Code        anon$$obj.o
    0x2000430c   0x0000000c   Ven    RO         2705    Veneer$$Code        anon$$obj.o
    0x20004318   0x0000000c   Ven    RO         2706    Veneer$$Code        anon$$obj.o
    0x20004324   0x0000000c   Ven    RO         2707    Veneer$$Code        anon$$obj.o
    0x20004330   0x0000000c   Ven    RO         2708    Veneer$$Code        anon$$obj.o
    0x2000433c   0x0000000c   Ven    RO         2709    Veneer$$Code        anon$$obj.o
    0x20004348   0x0000000c   Ven    RO         2710    Veneer$$Code        anon$$obj.o
    0x20004354   0x0000000c   Ven    RO         2711    Veneer$$Code        anon$$obj.o
    0x20004360   0x0000000c   Ven    RO         2712    Veneer$$Code        anon$$obj.o
    0x2000436c   0x0000000c   Ven    RO         2713    Veneer$$Code        anon$$obj.o
    0x20004378   0x0000000c   Ven    RO         2714    Veneer$$Code        anon$$obj.o
    0x20004384   0x0000000c   Ven    RO         2715    Veneer$$Code        anon$$obj.o
    0x20004390   0x0000000c   Ven    RO         2716    Veneer$$Code        anon$$obj.o
    0x2000439c   0x0000000c   Ven    RO         2717    Veneer$$Code        anon$$obj.o
    0x200043a8   0x0000000c   Ven    RO         2718    Veneer$$Code        anon$$obj.o
    0x200043b4   0x0000000c   Ven    RO         2719    Veneer$$Code        anon$$obj.o
    0x200043c0   0x0000000c   Ven    RO         2720    Veneer$$Code        anon$$obj.o
    0x200043cc   0x0000000c   Ven    RO         2721    Veneer$$Code        anon$$obj.o
    0x200043d8   0x0000000c   Ven    RO         2722    Veneer$$Code        anon$$obj.o
    0x200043e4   0x0000000c   Ven    RO         2723    Veneer$$Code        anon$$obj.o
    0x200043f0   0x0000000c   Ven    RO         2724    Veneer$$Code        anon$$obj.o
    0x200043fc   0x0000000c   Ven    RO         2725    Veneer$$Code        anon$$obj.o
    0x20004408   0x0000000c   Ven    RO         2726    Veneer$$Code        anon$$obj.o
    0x20004414   0x0000000c   Ven    RO         2727    Veneer$$Code        anon$$obj.o
    0x20004420   0x0000000c   Ven    RO         2728    Veneer$$Code        anon$$obj.o
    0x2000442c   0x0000000c   Ven    RO         2729    Veneer$$Code        anon$$obj.o
    0x20004438   0x0000000c   Ven    RO         2730    Veneer$$Code        anon$$obj.o
    0x20004444   0x0000000c   Ven    RO         2731    Veneer$$Code        anon$$obj.o
    0x20004450   0x0000000c   Ven    RO         2732    Veneer$$Code        anon$$obj.o
    0x2000445c   0x0000000c   Ven    RO         2733    Veneer$$Code        anon$$obj.o
    0x20004468   0x0000000c   Ven    RO         2734    Veneer$$Code        anon$$obj.o
    0x20004474   0x0000000c   Ven    RO         2735    Veneer$$Code        anon$$obj.o
    0x20004480   0x0000000c   Ven    RO         2736    Veneer$$Code        anon$$obj.o
    0x2000448c   0x0000000c   Ven    RO         2737    Veneer$$Code        anon$$obj.o
    0x20004498   0x0000000c   Ven    RO         2738    Veneer$$Code        anon$$obj.o
    0x200044a4   0x0000000c   Ven    RO         2739    Veneer$$Code        anon$$obj.o
    0x200044b0   0x0000000c   Ven    RO         2740    Veneer$$Code        anon$$obj.o
    0x200044bc   0x0000000c   Ven    RO         2741    Veneer$$Code        anon$$obj.o
    0x200044c8   0x0000000c   Ven    RO         2742    Veneer$$Code        anon$$obj.o
    0x200044d4   0x0000000c   Ven    RO         2743    Veneer$$Code        anon$$obj.o
    0x200044e0   0x0000000c   Ven    RO         2744    Veneer$$Code        anon$$obj.o
    0x200044ec   0x0000000c   Ven    RO         2745    Veneer$$Code        anon$$obj.o
    0x200044f8   0x0000000c   Ven    RO         2746    Veneer$$Code        anon$$obj.o
    0x20004504   0x0000000c   Ven    RO         2747    Veneer$$Code        anon$$obj.o
    0x20004510   0x0000000c   Ven    RO         2748    Veneer$$Code        anon$$obj.o
    0x2000451c   0x0000000c   Ven    RO         2749    Veneer$$Code        anon$$obj.o
    0x20004528   0x0000000c   Ven    RO         2750    Veneer$$Code        anon$$obj.o
    0x20004534   0x0000000c   Ven    RO         2751    Veneer$$Code        anon$$obj.o
    0x20004540   0x0000000c   Ven    RO         2752    Veneer$$Code        anon$$obj.o
    0x2000454c   0x0000000c   Ven    RO         2753    Veneer$$Code        anon$$obj.o
    0x20004558   0x0000000c   Ven    RO         2754    Veneer$$Code        anon$$obj.o
    0x20004564   0x0000000c   Ven    RO         2755    Veneer$$Code        anon$$obj.o
    0x20004570   0x0000000c   Ven    RO         2756    Veneer$$Code        anon$$obj.o
    0x2000457c   0x0000000c   Ven    RO         2757    Veneer$$Code        anon$$obj.o
    0x20004588   0x0000000c   Ven    RO         2758    Veneer$$Code        anon$$obj.o
    0x20004594   0x0000000c   Ven    RO         2759    Veneer$$Code        anon$$obj.o
    0x200045a0   0x0000000c   Ven    RO         2760    Veneer$$Code        anon$$obj.o
    0x200045ac   0x0000000c   Ven    RO         2761    Veneer$$Code        anon$$obj.o
    0x200045b8   0x0000000c   Ven    RO         2762    Veneer$$Code        anon$$obj.o
    0x200045c4   0x0000000c   Ven    RO         2763    Veneer$$Code        anon$$obj.o
    0x200045d0   0x0000000c   Ven    RO         2764    Veneer$$Code        anon$$obj.o
    0x200045dc   0x0000000c   Ven    RO         2765    Veneer$$Code        anon$$obj.o
    0x200045e8   0x0000000c   Ven    RO         2766    Veneer$$Code        anon$$obj.o
    0x200045f4   0x0000000c   Ven    RO         2767    Veneer$$Code        anon$$obj.o
    0x20004600   0x0000000c   Ven    RO         2768    Veneer$$Code        anon$$obj.o
    0x2000460c   0x0000000c   Ven    RO         2769    Veneer$$Code        anon$$obj.o
    0x20004618   0x0000000c   Ven    RO         2770    Veneer$$Code        anon$$obj.o
    0x20004624   0x0000000c   Ven    RO         2771    Veneer$$Code        anon$$obj.o
    0x20004630   0x0000000c   Ven    RO         2772    Veneer$$Code        anon$$obj.o
    0x2000463c   0x0000000c   Ven    RO         2773    Veneer$$Code        anon$$obj.o
    0x20004648   0x0000000c   Ven    RO         2774    Veneer$$Code        anon$$obj.o
    0x20004654   0x0000000c   Ven    RO         2775    Veneer$$Code        anon$$obj.o
    0x20004660   0x0000000c   Ven    RO         2776    Veneer$$Code        anon$$obj.o
    0x2000466c   0x0000000c   Ven    RO         2777    Veneer$$Code        anon$$obj.o
    0x20004678   0x0000000c   Ven    RO         2778    Veneer$$Code        anon$$obj.o
    0x20004684   0x0000000c   Ven    RO         2779    Veneer$$Code        anon$$obj.o
    0x20004690   0x0000000c   Ven    RO         2780    Veneer$$Code        anon$$obj.o
    0x2000469c   0x0000000c   Ven    RO         2781    Veneer$$Code        anon$$obj.o
    0x200046a8   0x0000000c   Ven    RO         2782    Veneer$$Code        anon$$obj.o
    0x200046b4   0x00000054   Code   RO          758    i.GPIO_ConfigurePin  gpio.o
    0x20004708   0x00000020   Code   RO          764    i.GPIO_GetPinStatus  gpio.o
    0x20004728   0x00000044   Code   RO          752    i.GPIO_SetActive    gpio.o
    0x2000476c   0x00000044   Code   RO          746    i.GPIO_SetInactive  gpio.o
    0x200047b0   0x00000048   Code   RO          740    i.GPIO_SetPinFunction  gpio.o
    0x200047f8   0x00000094   Code   RO          734    i.GPIO_init         gpio.o
    0x2000488c   0x0000000e   Code   RO         2679    i.__scatterload_copy  mc_p.l(handlers.o)
    0x2000489a   0x00000002   Code   RO         2680    i.__scatterload_null  mc_p.l(handlers.o)
    0x2000489c   0x0000000e   Code   RO         2681    i.__scatterload_zeroinit  mc_p.l(handlers.o)
    0x200048aa   0x00000002   PAD
    0x200048ac   0x00000018   Code   RO          880    i.set_tmr_div       pwm.o
    0x200048c4   0x00000018   Code   RO          874    i.set_tmr_enable    pwm.o
    0x200048dc   0x00000010   Code   RO          886    i.timer0_start      pwm.o
    0x200048ec   0x00000028   Code   RO          927    i.timer2_enable     pwm.o
    0x20004914   0x00000018   Code   RO          932    i.timer2_set_hw_pause  pwm.o
    0x2000492c   0x00000018   Code   RO          937    i.timer2_set_sw_pause  pwm.o
    0x20004944   0x00000014   Data   RO           81    .constdata          arch_main.o
    0x20004958   0x00000016   Data   RO           82    .constdata          arch_main.o
    0x2000496e   0x00000008   Data   RO          728    .constdata          gpio.o
    0x20004976   0x00000002   PAD
    0x20004978   0x00000010   Data   RO         1231    .constdata          accel.o
    0x20004988   0x00000002   Data   RO         1267    .constdata          accel_task.o
    0x2000498a   0x00000005   Data   RO         1268    .constdata          accel_task.o
    0x2000498f   0x00000005   Data   RO         1269    .constdata          accel_task.o
    0x20004994   0x00000005   Data   RO         1270    .constdata          accel_task.o
    0x20004999   0x00000005   Data   RO         1271    .constdata          accel_task.o
    0x2000499e   0x00000005   Data   RO         1272    .constdata          accel_task.o
    0x200049a3   0x00000005   Data   RO         1273    .constdata          accel_task.o
    0x200049a8   0x00000005   Data   RO         1274    .constdata          accel_task.o
    0x200049ad   0x0000000d   Data   RO         1275    .constdata          accel_task.o
    0x200049ba   0x0000000c   Data   RO         1276    .constdata          accel_task.o
    0x200049c6   0x0000000d   Data   RO         1277    .constdata          accel_task.o
    0x200049d3   0x0000000d   Data   RO         1278    .constdata          accel_task.o
    0x200049e0   0x0000000d   Data   RO         1279    .constdata          accel_task.o
    0x200049ed   0x0000000f   Data   RO         1280    .constdata          accel_task.o
    0x200049fc   0x0000000f   Data   RO         1281    .constdata          accel_task.o
    0x20004a0b   0x00000001   PAD
    0x20004a0c   0x0000012c   Data   RO         1282    .constdata          accel_task.o
    0x20004b38   0x00000008   Data   RO         1283    .constdata          accel_task.o
    0x20004b40   0x00000008   Data   RO         1284    .constdata          accel_task.o
    0x20004b48   0x00000018   Data   RO         1285    .constdata          accel_task.o
    0x20004b60   0x00000018   Data   RO         1286    .constdata          accel_task.o
    0x20004b78   0x00000008   Data   RO         1287    .constdata          accel_task.o
    0x20004b80   0x0000003c   Data   RO         1329    .constdata          bass.o
    0x20004bbc   0x00000002   Data   RO         1330    .constdata          bass.o
    0x20004bbe   0x00000005   Data   RO         1331    .constdata          bass.o
    0x20004bc3   0x00000001   PAD
    0x20004bc4   0x00000010   Data   RO         1332    .constdata          bass.o
    0x20004bd4   0x00000008   Data   RO         1355    .constdata          bass_task.o
    0x20004bdc   0x00000008   Data   RO         1356    .constdata          bass_task.o
    0x20004be4   0x00000018   Data   RO         1357    .constdata          bass_task.o
    0x20004bfc   0x00000008   Data   RO         1358    .constdata          bass_task.o
    0x20004c04   0x00000018   Data   RO         1359    .constdata          bass_task.o
    0x20004c1c   0x00000008   Data   RO         1360    .constdata          bass_task.o
    0x20004c24   0x000000e4   Data   RO         1432    .constdata          diss.o
    0x20004d08   0x00000002   Data   RO         1433    .constdata          diss.o
    0x20004d0a   0x00000005   Data   RO         1434    .constdata          diss.o
    0x20004d0f   0x00000005   Data   RO         1435    .constdata          diss.o
    0x20004d14   0x00000005   Data   RO         1436    .constdata          diss.o
    0x20004d19   0x00000005   Data   RO         1437    .constdata          diss.o
    0x20004d1e   0x00000005   Data   RO         1438    .constdata          diss.o
    0x20004d23   0x00000005   Data   RO         1439    .constdata          diss.o
    0x20004d28   0x00000005   Data   RO         1440    .constdata          diss.o
    0x20004d2d   0x00000005   Data   RO         1441    .constdata          diss.o
    0x20004d32   0x00000005   Data   RO         1442    .constdata          diss.o
    0x20004d37   0x00000001   PAD
    0x20004d38   0x00000010   Data   RO         1443    .constdata          diss.o
    0x20004d48   0x00000008   Data   RO         1469    .constdata          diss_task.o
    0x20004d50   0x00000010   Data   RO         1470    .constdata          diss_task.o
    0x20004d60   0x00000008   Data   RO         1471    .constdata          diss_task.o
    0x20004d68   0x00000018   Data   RO         1472    .constdata          diss_task.o
    0x20004d80   0x00000008   Data   RO         1473    .constdata          diss_task.o
    0x20004d88   0x00000060   Data   RO         1555    .constdata          hrps.o
    0x20004de8   0x00000002   Data   RO         1556    .constdata          hrps.o
    0x20004dea   0x00000005   Data   RO         1557    .constdata          hrps.o
    0x20004def   0x00000005   Data   RO         1558    .constdata          hrps.o
    0x20004df4   0x00000005   Data   RO         1559    .constdata          hrps.o
    0x20004df9   0x00000003   PAD
    0x20004dfc   0x00000010   Data   RO         1560    .constdata          hrps.o
    0x20004e0c   0x00000008   Data   RO         1590    .constdata          hrps_task.o
    0x20004e14   0x00000008   Data   RO         1591    .constdata          hrps_task.o
    0x20004e1c   0x00000018   Data   RO         1592    .constdata          hrps_task.o
    0x20004e34   0x00000008   Data   RO         1593    .constdata          hrps_task.o
    0x20004e3c   0x00000018   Data   RO         1594    .constdata          hrps_task.o
    0x20004e54   0x00000008   Data   RO         1595    .constdata          hrps_task.o
    0x20004e5c   0x00000024   Data   RO         1653    .constdata          proxr.o
    0x20004e80   0x00000024   Data   RO         1654    .constdata          proxr.o
    0x20004ea4   0x00000024   Data   RO         1655    .constdata          proxr.o
    0x20004ec8   0x00000002   Data   RO         1656    .constdata          proxr.o
    0x20004eca   0x00000005   Data   RO         1657    .constdata          proxr.o
    0x20004ecf   0x00000001   PAD
    0x20004ed0   0x00000002   Data   RO         1658    .constdata          proxr.o
    0x20004ed2   0x00000005   Data   RO         1659    .constdata          proxr.o
    0x20004ed7   0x00000001   PAD
    0x20004ed8   0x00000002   Data   RO         1660    .constdata          proxr.o
    0x20004eda   0x00000005   Data   RO         1661    .constdata          proxr.o
    0x20004edf   0x00000001   PAD
    0x20004ee0   0x00000010   Data   RO         1662    .constdata          proxr.o
    0x20004ef0   0x00000008   Data   RO         1685    .constdata          proxr_task.o
    0x20004ef8   0x00000008   Data   RO         1686    .constdata          proxr_task.o
    0x20004f00   0x00000008   Data   RO         1687    .constdata          proxr_task.o
    0x20004f08   0x00000008   Data   RO         1688    .constdata          proxr_task.o
    0x20004f10   0x00000018   Data   RO         1689    .constdata          proxr_task.o
    0x20004f28   0x00000008   Data   RO         1690    .constdata          proxr_task.o
    0x20004f30   0x00000010   Data   RO         1958    .constdata          sample128.o
    0x20004f40   0x00000010   Data   RO         1959    .constdata          sample128.o
    0x20004f50   0x00000010   Data   RO         1960    .constdata          sample128.o
    0x20004f60   0x00000010   Data   RO         1961    .constdata          sample128.o
    0x20004f70   0x00000008   Data   RO         1982    .constdata          sample128_task.o
    0x20004f78   0x00000008   Data   RO         1983    .constdata          sample128_task.o
    0x20004f80   0x00000010   Data   RO         1984    .constdata          sample128_task.o
    0x20004f90   0x00000008   Data   RO         1985    .constdata          sample128_task.o
    0x20004f98   0x00000018   Data   RO         1986    .constdata          sample128_task.o
    0x20004fb0   0x00000008   Data   RO         1987    .constdata          sample128_task.o
    0x20004fb8   0x00000010   Data   RO         2009    .constdata          app.o
    0x20004fc8   0x00000120   Data   RO         2065    .constdata          app_task.o
    0x200050e8   0x00000008   Data   RO         2066    .constdata          app_task.o
    0x200050f0   0x00000020   Data   RO         2677    Region$$Table       anon$$obj.o
    0x20005110   0x00000013   Data   RW         1962    .data               sample128.o
    0x20005123   0x00000013   Data   RW         1963    .data               sample128.o
    0x20005136   0x00000006   Data   RW         2292    .data               app_accel_task.o
    0x2000513c   0x0000000a   Data   RW         1964    exchange_mem_case1  sample128.o
    0x20005146   0x00000001   Data   RW         1988    exchange_mem_case1  sample128_task.o


    Execution Region RW_IRAM50 (Base: 0x20007f00, Size: 0x000000bc, Max: 0x00000cf4, ABSOLUTE)

    Base Addr    Size         Type   Attr      Idx    E Section Name        Object

    0x20007f00   0x00000001   Zero   RW           83    retention_mem_area0  arch_main.o
    0x20007f01   0x00000004   Zero   RW          478    retention_mem_area0  arch_sleep.o
    0x20007f05   0x00000003   PAD
    0x20007f08   0x00000010   Zero   RW          668    retention_mem_area0  arch_system.o
    0x20007f18   0x00000004   Zero   RW          802    retention_mem_area0  wkupct_quadec.o
    0x20007f1c   0x00000001   Zero   RW          823    retention_mem_area0  battery.o
    0x20007f1d   0x00000006   Zero   RW         1174    retention_mem_area0  nvds.o
    0x20007f23   0x00000001   PAD
    0x20007f24   0x00000008   Zero   RW         1232    retention_mem_area0  accel.o
    0x20007f2c   0x00000001   Zero   RW         1288    retention_mem_area0  accel_task.o
    0x20007f2d   0x00000001   PAD
    0x20007f2e   0x0000000e   Zero   RW         1333    retention_mem_area0  bass.o
    0x20007f3c   0x00000001   Zero   RW         1361    retention_mem_area0  bass_task.o
    0x20007f3d   0x00000001   PAD
    0x20007f3e   0x00000012   Zero   RW         1444    retention_mem_area0  diss.o
    0x20007f50   0x00000001   Zero   RW         1474    retention_mem_area0  diss_task.o
    0x20007f51   0x00000001   PAD
    0x20007f52   0x0000000a   Zero   RW         1561    retention_mem_area0  hrps.o
    0x20007f5c   0x00000001   Zero   RW         1596    retention_mem_area0  hrps_task.o
    0x20007f5d   0x00000001   PAD
    0x20007f5e   0x0000000c   Zero   RW         1663    retention_mem_area0  proxr.o
    0x20007f6a   0x00000001   Zero   RW         1691    retention_mem_area0  proxr_task.o
    0x20007f6b   0x00000001   PAD
    0x20007f6c   0x0000000c   Zero   RW         2010    retention_mem_area0  app.o
    0x20007f78   0x00000024   Zero   RW         2032    retention_mem_area0  app_sec.o
    0x20007f9c   0x00000001   Zero   RW         2067    retention_mem_area0  app_task.o
    0x20007f9d   0x00000001   PAD
    0x20007f9e   0x00000008   Zero   RW         2103    retention_mem_area0  app_batt.o
    0x20007fa6   0x00000002   PAD
    0x20007fa8   0x0000000c   Zero   RW         2154    retention_mem_area0  app_proxr.o
    0x20007fb4   0x00000001   Zero   RW         2296    retention_mem_area0  app_accel_task.o
    0x20007fb5   0x00000001   Zero   RW         2297    retention_mem_area0  app_accel_task.o
    0x20007fb6   0x00000001   Zero   RW         2298    retention_mem_area0  app_accel_task.o
    0x20007fb7   0x00000001   Zero   RW         2299    retention_mem_area0  app_accel_task.o
    0x20007fb8   0x00000001   Zero   RW         2300    retention_mem_area0  app_accel_task.o
    0x20007fb9   0x00000001   Zero   RW         2301    retention_mem_area0  app_accel_task.o
    0x20007fba   0x00000001   Zero   RW         2302    retention_mem_area0  app_accel_task.o
    0x20007fbb   0x00000001   Zero   RW         2303    retention_mem_area0  app_accel_task.o


    Execution Region RW_IRAM51 (Base: 0x20008bf4, Size: 0x0000040c, Max: 0x0000040c, ABSOLUTE, UNINIT)

    Base Addr    Size         Type   Attr      Idx    E Section Name        Object

    0x20008bf4   0x0000040c   Zero   RW          412    heap_mem_area_not_ret  jump_table.o


    Execution Region RW_IRAM52 (Base: 0x20009000, Size: 0x00000020, Max: 0x00000020, ABSOLUTE)

    Base Addr    Size         Type   Attr      Idx    E Section Name        Object

    0x20009000   0x00000020   Zero   RW            1    RW_IRAM52.bss       anon$$obj.o


    Execution Region RW_IRAM53 (Base: 0x20009020, Size: 0x000000b8, Max: 0x000001e0, ABSOLUTE)

    Base Addr    Size         Type   Attr      Idx    E Section Name        Object

    0x20009020   0x00000003   Zero   RW          513    .bss                periph_setup.o
    0x20009023   0x00000005   PAD
    0x20009028   0x000000a8   Zero   RW          727    .bss                gpio.o
    0x200090d0   0x00000001   Zero   RW         1112    .bss                uart.o
    0x200090d1   0x00000001   Zero   RW         2153    .bss                app_proxr.o
    0x200090d2   0x00000006   Zero   RW         2291    .bss                app_accel_task.o


    Execution Region RW_IRAM54 (Base: 0x20009200, Size: 0x00000600, Max: 0x00000600, ABSOLUTE, UNINIT)

    Base Addr    Size         Type   Attr      Idx    E Section Name        Object

    0x20009200   0x00000600   Zero   RW           50    STACK               boot_vectors.o



  Load Region LR_RETENTION_RAM2 (Base: 0x00080768, Size: 0x00000000, Max: 0x00002968, ABSOLUTE)

    Execution Region ZI_RET20 (Base: 0x00080768, Size: 0x00000a8c, Max: 0x00002968, ABSOLUTE, UNINIT)

    Base Addr    Size         Type   Attr      Idx    E Section Name        Object

    0x00080768   0x0000040c   Zero   RW          410    heap_db_area        jump_table.o
    0x00080b74   0x00000154   Zero   RW          411    heap_env_area       jump_table.o
    0x00080cc8   0x0000052c   Zero   RW          413    heap_msg_area       jump_table.o


    Execution Region ZI_RET21 (Base: 0x000811f4, Size: 0x00001e0c, Max: 0xffffffff, ABSOLUTE)

    Base Addr    Size         Type   Attr      Idx    E Section Name        Object

    0x000811f4   0x0000182c   PAD
    0x00082a20   0x000005de   Zero   RW           80    .ARM.__AT_0x00082A20  arch_main.o



  Load Region LR$$.ARM.__AT_0x50000004 (Base: 0x50000004, Size: 0x00000000, Max: 0x00000004, ABSOLUTE)

    Execution Region ER$$.ARM.__AT_0x50000004 (Base: 0x50000004, Size: 0x00000004, Max: 0x00000004, ABSOLUTE, UNINIT)

    Base Addr    Size         Type   Attr      Idx    E Section Name        Object

    0x50000004   0x00000004   Zero   RW          860    .ARM.__AT_0x50000004  pwm.o



  Load Region LR$$.ARM.__AT_0x50003400 (Base: 0x50003400, Size: 0x00000000, Max: 0x00000004, ABSOLUTE)

    Execution Region ER$$.ARM.__AT_0x50003400 (Base: 0x50003400, Size: 0x00000004, Max: 0x00000004, ABSOLUTE, UNINIT)

    Base Addr    Size         Type   Attr      Idx    E Section Name        Object

    0x50003400   0x00000004   Zero   RW          861    .ARM.__AT_0x50003400  pwm.o



  Load Region LR$$.ARM.__AT_0x50003410 (Base: 0x50003410, Size: 0x00000000, Max: 0x00000004, ABSOLUTE)

    Execution Region ER$$.ARM.__AT_0x50003410 (Base: 0x50003410, Size: 0x00000004, Max: 0x00000004, ABSOLUTE, UNINIT)

    Base Addr    Size         Type   Attr      Idx    E Section Name        Object

    0x50003410   0x00000004   Zero   RW          862    .ARM.__AT_0x50003410  pwm.o


==============================================================================

Image component sizes


      Code (inc. data)   RO Data    RW Data    ZI Data      Debug   Object Name

        36          8         16          0          8       3501   accel.o
       716         44        503          0          1       5748   accel_task.o
        96         12          0          0          0        993   adc.o
       260         20         16          0         12       3644   app.o
        36          4          0          0          0       1378   app_accel.o
       212         20          0          6         14       4431   app_accel_task.o
       288         20          0          0          8       3511   app_batt.o
        72         10          0          0          0       2584   app_batt_task.o
        64          6          0          0          0       1469   app_dis.o
       244         44          0          0          0       1858   app_dis_task.o
       116         10          0          0          0       1606   app_hrps.o
        26          0          0          0          0       1297   app_hrps_task.o
       188         32          0          0         13       3544   app_proxr.o
       180         14          0          0          0       2477   app_proxr_task.o
      1144         92          0          0          0       7295   app_rughwatch_proj.o
        22          0          0          0          0       1360   app_rughwatch_task.o
        64          4          0          0          0       1568   app_sample128.o
        84          4          0          0          0       1910   app_sample128_task.o
       176         22          0          0         36       3055   app_sec.o
       288         28          0          0          0       2120   app_sec_task.o
       272         10        296          0          1       6673   app_task.o
       928        124         42          0       1503     242976   arch_main.o
       212         12          0          0          4       2739   arch_sleep.o
       576         44          0          0         16      67174   arch_system.o
       236         18          0          0          0         72   atts_task.obj
       192         12         83          0         14       4745   bass.o
       788         16         80          0          1       6685   bass_task.o
       184         14          0          0          1       1996   battery.o
        56         14        160          0       1536        732   boot_vectors.o
       164         14        291          0         18       5813   diss.o
       252         12         64          0          1       3812   diss_task.o
         0          0        100          0          0       1192   gapm.o
       472         48          8          0        168       6265   gpio.o
         0          0          0          0          0      88964   hardfault_handler.o
       248         12        129          0         10       8157   hrps.o
       540         14         80          0          1       4955   hrps_task.o
         2          0        352          0       3736       2892   jump_table.o
       184         18          0          0          0         96   ke_task.obj
        68         10          0          0          0       8212   nmi_handler.o
       632         30        164          0          6       2451   nvds.o
       948         42          0          0          3      30700   periph_setup.o
       336          6          0          0          0       5160   prf_utils.o
       168         14        145          0         12       4863   proxr.o
       428         20         64          0          1       4218   proxr_task.o
       276         46          0          0         12     102889   pwm.o
       776        174          0          0          0      64741   rf_580.o
       272         30          0          0          0       2413   rwble.o
       400         48          0          0          0      63160   rwip.o
       168          8         64         48          0       3163   sample128.o
       604         34         72          1          0       6424   sample128_task.o
       236          8          0          0          0        136   smpc.obj
       524          6          0          0          0         84   smpc_task.obj
        60          4          0          0          0       5485   system_armcm0.o
       308         60          0          0          1       9849   uart.o
       184         22          0          0          4       7939   wkupct_quadec.o

    ----------------------------------------------------------------------
     17184       1730       2772         56      13380     833174   Object Totals
      1176        392         32          0         32          0   (incl. Generated)
         2          0         11          1       6207          0   (incl. Padding)

    ----------------------------------------------------------------------

      Code (inc. data)   RO Data    RW Data    ZI Data      Debug   Library Member Name

         0          0          0          0          0          0   entry.o
         0          0          0          0          0          0   entry10a.o
         0          0          0          0          0          0   entry11a.o
         8          4          0          0          0          0   entry2.o
         4          0          0          0          0          0   entry5.o
         0          0          0          0          0          0   entry7b.o
         0          0          0          0          0          0   entry8b.o
         8          4          0          0          0          0   entry9a.o
        30          0          0          0          0          0   handlers.o
        36          8          0          0          0         68   init.o
        60         10          0          0          0         68   dfixui.o
       124          0          0          0          0         72   fdiv.o
       130          0          0          0          0        144   fepilogue.o
        40          0          0          0          0         60   ffixui.o
        14          0          0          0          0         68   ffltui.o
        24          0          0          0          0         60   fscalb.o

    ----------------------------------------------------------------------
       484         26          0          0          0        540   Library Totals
         6          0          0          0          0          0   (incl. Padding)

    ----------------------------------------------------------------------

      Code (inc. data)   RO Data    RW Data    ZI Data      Debug   Library Name

        86         16          0          0          0         68   mc_p.l
       392         10          0          0          0        472   mf_p.l

    ----------------------------------------------------------------------
       484         26          0          0          0        540   Library Totals

    ----------------------------------------------------------------------

==============================================================================


      Code (inc. data)   RO Data    RW Data    ZI Data      Debug   

     17668       1756       2772         56      13380     829422   Grand Totals
     17668       1756       2772         56      13380     829422   ELF Image Totals
     17668       1756       2772         56          0          0   ROM Totals

==============================================================================

    Total RO  Size (Code + RO Data)                20440 (  19.96kB)
    Total RW  Size (RW Data + ZI Data)             13436 (  13.12kB)
    Total ROM Size (Code + RO Data + RW Data)      20496 (  20.02kB)

==============================================================================

