<html>
<body>
<pre>
<h1>µVision Build Log</h1>
<h2>Project:</h2>
E:\BLE\Dialog\º‡”¸ ÷ª∑\rughwatch\DA14580_RUGHWATCH_1.4.2\dk_apps\keil_projects\wearable\rughwatch\fh_rughwatch_sdk.uvproj
Project File Date:  01/08/2016

<h2>Output:</h2>
Build target 'Full_emb_cortex_M0'
linking...
Program Size: Code=17668 RO-data=2772 RW-data=56 ZI-data=13380  
FromELF: creating hex file...
".\out\RUGH_Watch.axf" - 0 Error(s), 0 Warning(s).
215-D: #warning directive: "==============================================================> DEVELOPMENT__NO_OTP is set!"
      #warning "==============================================================> DEVELOPMENT__NO_OTP is set!"
..\..\..\src\plf\refip\src\arch\main\ble\arch_main.c: 1 warning, 0 errors
compiling jump_table.c...
compiling arch_sleep.c...
compiling nmi_handler.c...
compiling periph_setup.c...
..\..\..\src\modules\app\src\app_project\rughwatch\system\periph_setup.c(348): warning:  #550-D: variable "count_led" was set but never used
        static uint8_t count_led=0;
..\..\..\src\modules\app\src\app_project\rughwatch\system\periph_setup.c(349): warning:  #177-D: variable "data_who" was declared but never referenced
        unsigned char data_who = 0;
..\..\..\src\modules\app\src\app_project\rughwatch\system\periph_setup.c: 2 warnings, 0 errors
compiling arch_system.c...
compiling rf_580.c...
compiling gpio.c...
..\..\..\src\plf\refip\src\driver\gpio\gpio.c(55): warning:  #1215-D: #warning directive: "GPIO assignment checking is active! Deactivate before burning OTP..."
  #warning "GPIO assignment checking is active! Deactivate before burning OTP..."
..\..\..\src\plf\refip\src\driver\gpio\gpio.c: 1 warning, 0 errors
compiling wkupct_quadec.c...
compiling battery.c...
compiling adc.c...
compiling pwm.c...
compiling i2c_eeprom.c...
compiling mpu6050.c...
compiling soft_delay.c...
..\..\..\src\plf\refip\src\user_func\soft_delay.c(23): warning:  #174-D: expression has no effect
        for(delay_us; delay_us > 0; delay_us--){
..\..\..\src\plf\refip\src\user_func\soft_delay.c(27): warning:  #1-D: last line of file ends without a newline
  }
..\..\..\src\plf\refip\src\user_func\soft_delay.c: 2 warnings, 0 errors
compiling pah8003_ctl.c...
..\..\..\src\plf\refip\src\user_func\pxialg.h(133): warning:  #1295-D: Deprecated declaration PxiAlg_GetSignalBadAlarm - give arg types
  PXIALG_API uint8_t PxiAlg_GetSignalBadAlarm();
..\..\..\src\plf\refip\src\user_func\pxialg.h(136): warning:  #1-D: last line of file ends without a newline
  #endif /* PXIALG_H__ */
..\..\..\src\plf\refip\src\user_func\pah8003_ctl.h(5): warning:  #1295-D: Deprecated declaration TimerISR - give arg types
  extern void TimerISR();
..\..\..\src\plf\refip\src\user_func\pah8003_ctl.c(168): warning:  #223-D: function "PowerDownSensor" declared implicitly
                PowerDownSensor();
..\..\..\src\plf\refip\src\user_func\pah8003_ctl.c(209): warning:  #223-D: function "led_ctrl" declared implicitly
                led_ctrl(_touch_flag);
..\..\..\src\plf\refip\src\user_func\pah8003_ctl.c(211): warning:  #223-D: function "PowerDownSensor" declared implicitly
                PowerDownSensor();
..\..\..\src\plf\refip\src\user_func\pah8003_ctl.c(230): warning:  #223-D: function "uart_send_byte" declared implicitly
                        uart_send_byte(ppg_mems_data.HRD_Data[i]);
..\..\..\src\plf\refip\src\user_func\pah8003_ctl.c(234): warning:  #223-D: function "uart_send_byte" declared implicitly
                        uart_send_byte(ppg_mems_data.MEMS_Data[i]);
..\..\..\src\plf\refip\src\user_func\pah8003_ctl.c(138): warning:  #177-D: variable "HWCounter" was declared but never referenced
        uint32_t HWCounter = 0 ;
..\..\..\src\plf\refip\src\user_func\pah8003_ctl.c: 9 warnings, 0 errors
compiling pah8003_led.c...
..\..\..\src\plf\refip\src\user_func\pah8003_led.c(27): warning:  #177-D: variable "Frame_Average" was declared but never referenced
                uint16_t Frame_Average, EP_L, EP_H, Exposure_Line;
..\..\..\src\plf\refip\src\user_func\pah8003_led.c(178): warning:  #177-D: variable "temp" was declared but never referenced
                uint8_t temp; 
..\..\..\src\plf\refip\src\user_func\pah8003_led.c(228): warning:  #177-D: variable "temp" was declared but never referenced
                uint8_t temp;
..\..\..\src\plf\refip\src\user_func\pah8003_led.c(19): warning:  #550-D: variable "_led_current_change_flag" was set but never used
  static uint8_t _led_current_change_flag = 0;
..\..\..\src\plf\refip\src\user_func\pah8003_led.c(162): warning:  #550-D: variable "_b1_0x36_off" was set but never used
  static uint8_t _b1_0x36_off = 0x02 ;
..\..\..\src\plf\refip\src\user_func\pah8003_led.c(163): warning:  #550-D: variable "_b1_0x37_off" was set but never used
  static uint8_t _b1_0x37_off = 0xc8 ;
..\..\..\src\plf\refip\src\user_func\pah8003_led.c: 6 warnings, 0 errors
compiling uart.c...
compiling gapm.c...
compiling nvds.c...
compiling rwip.c...
compiling rwble.c...
compiling accel.c...
compiling accel_task.c...
..\..\..\src\ip\ble\hl\src\profiles\accel\accel_task.c(471): warning:  #223-D: function "atts_write_rsp_send" declared implicitly
              atts_write_rsp_send(accel_env.con_info.conidx, param->handle, PRF_ERR_OK);
..\..\..\src\ip\ble\hl\src\profiles\accel\accel_task.c: 1 warning, 0 errors
compiling basc.c...
compiling basc_task.c...
compiling bass.c...
compiling bass_task.c...
compiling blpc.c...
compiling blpc_task.c...
compiling blps.c...
compiling blps_task.c...
compiling disc.c...
compiling disc_task.c...
compiling diss.c...
compiling diss_task.c...
compiling findt.c...
compiling findt_task.c...
compiling hogpbh.c...
compiling hogpbh_task.c...
compiling hogpd.c...
compiling hogpd_task.c...
compiling hogprh.c...
compiling hogprh_task.c...
compiling hrpc.c...
compiling hrpc_task.c...
compiling hrps.c...
compiling hrps_task.c...
compiling htpc.c...
compiling htpc_task.c...
compiling htpt.c...
compiling htpt_task.c...
compiling proxm.c...
compiling proxm_task.c...
compiling proxr.c...
compiling proxr_task.c...
compiling scppc.c...
compiling scppc_task.c...
compiling scpps.c...
compiling scpps_task.c...
compiling prf_utils.c...
compiling anpc.c...
compiling anpc_task.c...
compiling anps.c...
compiling anps_task.c...
compiling cscpc.c...
compiling cscpc_task.c...
compiling cscps.c...
compiling cscps_task.c...
compiling glpc.c...
compiling glpc_task.c...
compiling glps.c...
compiling glps_task.c...
compiling paspc.c...
compiling paspc_task.c...
compiling pasps.c...
compiling pasps_task.c...
compiling rscpc.c...
compiling rscpc_task.c...
compiling rscps.c...
compiling rscps_task.c...
compiling tipc.c...
compiling tipc_task.c...
compiling tips.c...
compiling tips_task.c...
compiling findl.c...
compiling findl_task.c...
compiling sample128.c...
compiling sample128_task.c...
..\..\..\src\ip\ble\hl\src\profiles\sample128\sample128_task.c(69): warning:  #177-D: variable "cfg_flag" was declared but never referenced
        uint32_t cfg_flag = 0xFFFFFFFF;
..\..\..\src\ip\ble\hl\src\profiles\sample128\sample128_task.c(36): warning:  #177-D: variable "sample128_att_db" was declared but never referenced
  static const struct attm_desc sample128_att_db[SAMPLE128_1_IDX_NB];
..\..\..\src\ip\ble\hl\src\profiles\sample128\sample128_task.c: 2 warnings, 0 errors
compiling app.c...
compiling app_sec.c...
compiling app_sec_task.c...
compiling app_task.c...
.\..\..\..\src\modules\app\src\app_project\rughwatch\app_rughwatch_task.h(12): warning:  #1-D: last line of file ends without a newline
  #endif
..\..\..\src\modules\app\src\app_task.c: 1 warning, 0 errors
compiling app_batt.c...
compiling app_batt_task.c...
compiling app_findme.c...
compiling app_findme_task.c...
compiling app_proxr.c...
compiling app_proxr_task.c...
compiling app_dis.c...
compiling app_dis_task.c...
compiling app_sample128.c...
compiling app_sample128_task.c...
compiling app_rughwatch_proj.c...
compiling app_accel.c...
compiling app_accel_task.c...
compiling app_hrps.c...
compiling app_hrps_task.c...
..\..\..\src\modules\app\src\app_project\rughwatch\hrps\app_hrps_task.c(134): warning:  #1-D: last line of file ends without a newline
  #endif //(BLE_APP_PRESENT)
..\..\..\src\modules\app\src\app_project\rughwatch\hrps\app_hrps_task.c: 1 warning, 0 errors
compiling app_rughwatch_task.c...
..\..\..\src\modules\app\src\app_project\rughwatch\app_rughwatch_task.h(12): warning:  #1-D: last line of file ends without a newline
  #endif
..\..\..\src\modules\app\src\app_project\rughwatch\app_rughwatch_task.c(131): warning:  #940-D: missing return statement at end of non-void function "custom_delay_func"
  }
..\..\..\src\modules\app\src\app_project\rughwatch\app_rughwatch_task.c(116): warning:  #177-D: variable "led_flag" was declared but never referenced
        static uint8_t led_flag = 0;
..\..\..\src\modules\app\src\app_project\rughwatch\app_rughwatch_task.c: 3 warnings, 0 errors
linking...
Program Size: Code=17668 RO-data=2772 RW-data=56 ZI-data=13380  
FromELF: creating hex file...
".\out\RUGH_Watch.axf" - 0 Error(s), 29 Warning(s).
